// Vitest Snapshot v1, https://vitest.dev/guide/snapshot.html

exports[`BFS algorithm > should solve the maze 1`] = `
[
  [
    1,
    4,
    4,
    3,
    4,
    3,
    4,
    4,
    4,
    3,
    4,
    4,
    4,
    3,
    4,
    4,
    4,
    4,
    4,
    4,
    4,
    4,
    4,
    4,
    4,
    3,
    4,
    4,
    4,
    4,
    4,
  ],
  [
    4,
    3,
    4,
    3,
    4,
    3,
    4,
    3,
    3,
    3,
    4,
    3,
    3,
    3,
    4,
    3,
    3,
    3,
    3,
    3,
    3,
    3,
    3,
    3,
    3,
    3,
    3,
    3,
    4,
    3,
    3,
  ],
  [
    4,
    3,
    4,
    4,
    4,
    4,
    4,
    4,
    4,
    4,
    4,
    4,
    4,
    3,
    4,
    3,
    4,
    3,
    4,
    4,
    4,
    4,
    4,
    4,
    4,
    4,
    4,
    4,
    4,
    3,
    4,
  ],
  [
    3,
    3,
    4,
    3,
    4,
    3,
    4,
    3,
    4,
    3,
    3,
    3,
    3,
    3,
    4,
    3,
    4,
    3,
    4,
    3,
    3,
    3,
    3,
    3,
    3,
    3,
    3,
    3,
    3,
    3,
    4,
  ],
  [
    4,
    4,
    4,
    3,
    4,
    3,
    4,
    3,
    4,
    4,
    4,
    4,
    4,
    4,
    4,
    4,
    4,
    3,
    4,
    4,
    4,
    4,
    4,
    3,
    4,
    3,
    4,
    3,
    4,
    4,
    4,
  ],
  [
    3,
    3,
    4,
    3,
    3,
    3,
    4,
    3,
    4,
    3,
    3,
    3,
    4,
    3,
    4,
    3,
    4,
    3,
    4,
    3,
    3,
    3,
    3,
    3,
    4,
    3,
    4,
    3,
    3,
    3,
    4,
  ],
  [
    4,
    4,
    4,
    3,
    4,
    4,
    4,
    3,
    4,
    4,
    4,
    3,
    4,
    3,
    4,
    3,
    4,
    4,
    4,
    4,
    4,
    3,
    4,
    4,
    4,
    4,
    4,
    4,
    4,
    4,
    4,
  ],
  [
    3,
    3,
    3,
    3,
    4,
    3,
    3,
    3,
    4,
    3,
    3,
    3,
    4,
    3,
    3,
    3,
    4,
    3,
    3,
    3,
    3,
    3,
    4,
    3,
    3,
    3,
    3,
    3,
    4,
    3,
    3,
  ],
  [
    4,
    3,
    4,
    4,
    4,
    4,
    4,
    3,
    4,
    3,
    4,
    4,
    4,
    4,
    4,
    3,
    4,
    4,
    4,
    4,
    4,
    4,
    4,
    3,
    4,
    3,
    4,
    3,
    4,
    4,
    4,
  ],
  [
    4,
    3,
    3,
    3,
    4,
    3,
    4,
    3,
    4,
    3,
    4,
    3,
    4,
    3,
    4,
    3,
    3,
    3,
    3,
    3,
    3,
    3,
    3,
    3,
    4,
    3,
    4,
    3,
    4,
    3,
    4,
  ],
  [
    4,
    4,
    4,
    4,
    4,
    3,
    4,
    3,
    4,
    3,
    4,
    3,
    4,
    3,
    4,
    4,
    4,
    4,
    4,
    4,
    4,
    4,
    4,
    4,
    4,
    3,
    4,
    3,
    4,
    3,
    4,
  ],
  [
    4,
    3,
    4,
    3,
    4,
    3,
    3,
    3,
    3,
    3,
    3,
    3,
    3,
    3,
    4,
    3,
    3,
    3,
    3,
    3,
    4,
    3,
    3,
    3,
    3,
    3,
    4,
    3,
    3,
    3,
    3,
  ],
  [
    4,
    3,
    4,
    3,
    4,
    4,
    4,
    4,
    4,
    4,
    4,
    3,
    4,
    3,
    4,
    4,
    4,
    3,
    4,
    4,
    4,
    4,
    4,
    4,
    4,
    4,
    4,
    4,
    4,
    4,
    4,
  ],
  [
    3,
    3,
    4,
    3,
    4,
    3,
    3,
    3,
    4,
    3,
    3,
    3,
    4,
    3,
    3,
    3,
    3,
    3,
    3,
    3,
    4,
    3,
    4,
    3,
    3,
    3,
    3,
    3,
    3,
    3,
    3,
  ],
  [
    4,
    4,
    4,
    3,
    4,
    4,
    4,
    3,
    4,
    4,
    4,
    4,
    4,
    3,
    4,
    4,
    4,
    3,
    4,
    4,
    4,
    3,
    4,
    4,
    4,
    4,
    4,
    4,
    4,
    4,
    4,
  ],
  [
    3,
    3,
    4,
    3,
    4,
    3,
    3,
    3,
    3,
    3,
    3,
    3,
    4,
    3,
    4,
    3,
    4,
    3,
    3,
    3,
    4,
    3,
    3,
    3,
    4,
    3,
    4,
    3,
    3,
    3,
    3,
  ],
  [
    4,
    4,
    4,
    3,
    4,
    4,
    4,
    4,
    4,
    3,
    4,
    4,
    4,
    4,
    4,
    3,
    4,
    3,
    4,
    4,
    4,
    4,
    4,
    3,
    4,
    3,
    4,
    4,
    4,
    4,
    4,
  ],
  [
    3,
    3,
    4,
    3,
    3,
    3,
    4,
    3,
    3,
    3,
    3,
    3,
    4,
    3,
    4,
    3,
    3,
    3,
    3,
    3,
    3,
    3,
    4,
    3,
    3,
    3,
    4,
    3,
    3,
    3,
    3,
  ],
  [
    4,
    4,
    4,
    4,
    4,
    3,
    4,
    4,
    4,
    4,
    4,
    3,
    4,
    3,
    4,
    4,
    4,
    4,
    4,
    4,
    4,
    3,
    4,
    4,
    4,
    3,
    4,
    4,
    4,
    4,
    4,
  ],
  [
    4,
    3,
    3,
    3,
    4,
    3,
    3,
    3,
    3,
    3,
    3,
    3,
    3,
    3,
    3,
    3,
    4,
    3,
    3,
    3,
    3,
    3,
    4,
    3,
    3,
    3,
    4,
    3,
    4,
    3,
    3,
  ],
  [
    4,
    3,
    4,
    3,
    4,
    4,
    4,
    3,
    4,
    4,
    4,
    3,
    4,
    3,
    4,
    4,
    4,
    4,
    4,
    3,
    4,
    4,
    4,
    4,
    4,
    3,
    4,
    3,
    4,
    4,
    4,
  ],
  [
    4,
    3,
    4,
    3,
    3,
    3,
    4,
    3,
    4,
    3,
    3,
    3,
    4,
    3,
    3,
    3,
    4,
    3,
    3,
    3,
    4,
    3,
    4,
    3,
    4,
    3,
    3,
    3,
    4,
    3,
    3,
  ],
  [
    4,
    3,
    4,
    3,
    4,
    4,
    4,
    4,
    4,
    4,
    4,
    4,
    4,
    4,
    4,
    3,
    4,
    4,
    4,
    3,
    4,
    3,
    4,
    3,
    4,
    3,
    4,
    4,
    4,
    4,
    4,
  ],
  [
    4,
    3,
    4,
    3,
    4,
    3,
    3,
    3,
    3,
    3,
    3,
    3,
    4,
    3,
    3,
    3,
    4,
    3,
    3,
    3,
    3,
    3,
    4,
    3,
    4,
    3,
    4,
    3,
    4,
    3,
    3,
  ],
  [
    4,
    3,
    4,
    4,
    4,
    4,
    4,
    4,
    4,
    4,
    4,
    3,
    4,
    3,
    4,
    4,
    4,
    4,
    4,
    4,
    4,
    3,
    4,
    3,
    4,
    3,
    4,
    3,
    4,
    4,
    4,
  ],
  [
    4,
    3,
    4,
    3,
    4,
    3,
    3,
    3,
    3,
    3,
    4,
    3,
    3,
    3,
    3,
    3,
    3,
    3,
    3,
    3,
    3,
    3,
    3,
    3,
    3,
    3,
    3,
    3,
    4,
    3,
    3,
  ],
  [
    4,
    3,
    4,
    3,
    4,
    4,
    4,
    4,
    4,
    3,
    4,
    4,
    4,
    4,
    4,
    4,
    4,
    4,
    0,
    0,
    0,
    3,
    0,
    0,
    0,
    0,
    0,
    4,
    4,
    4,
    2,
  ],
]
`;

exports[`BFS algorithm > should solve the maze 2`] = `
[
  [
    null,
    {
      "col": 0,
      "row": 0,
    },
    {
      "col": 1,
      "row": 0,
    },
    null,
    {
      "col": 4,
      "row": 1,
    },
    null,
    {
      "col": 6,
      "row": 1,
    },
    {
      "col": 6,
      "row": 0,
    },
    {
      "col": 7,
      "row": 0,
    },
    null,
    {
      "col": 10,
      "row": 1,
    },
    {
      "col": 10,
      "row": 0,
    },
    {
      "col": 11,
      "row": 0,
    },
    null,
    {
      "col": 14,
      "row": 1,
    },
    {
      "col": 14,
      "row": 0,
    },
    {
      "col": 15,
      "row": 0,
    },
    {
      "col": 16,
      "row": 0,
    },
    {
      "col": 17,
      "row": 0,
    },
    {
      "col": 18,
      "row": 0,
    },
    {
      "col": 19,
      "row": 0,
    },
    {
      "col": 20,
      "row": 0,
    },
    {
      "col": 21,
      "row": 0,
    },
    {
      "col": 22,
      "row": 0,
    },
    {
      "col": 23,
      "row": 0,
    },
    null,
    {
      "col": 27,
      "row": 0,
    },
    {
      "col": 28,
      "row": 0,
    },
    {
      "col": 28,
      "row": 1,
    },
    {
      "col": 28,
      "row": 0,
    },
    {
      "col": 29,
      "row": 0,
    },
  ],
  [
    {
      "col": 0,
      "row": 0,
    },
    null,
    {
      "col": 2,
      "row": 0,
    },
    null,
    {
      "col": 4,
      "row": 2,
    },
    null,
    {
      "col": 6,
      "row": 2,
    },
    null,
    null,
    null,
    {
      "col": 10,
      "row": 2,
    },
    null,
    null,
    null,
    {
      "col": 14,
      "row": 2,
    },
    null,
    null,
    null,
    null,
    null,
    null,
    null,
    null,
    null,
    null,
    null,
    null,
    null,
    {
      "col": 28,
      "row": 2,
    },
    null,
    null,
  ],
  [
    {
      "col": 0,
      "row": 1,
    },
    null,
    {
      "col": 2,
      "row": 1,
    },
    {
      "col": 2,
      "row": 2,
    },
    {
      "col": 3,
      "row": 2,
    },
    {
      "col": 4,
      "row": 2,
    },
    {
      "col": 5,
      "row": 2,
    },
    {
      "col": 6,
      "row": 2,
    },
    {
      "col": 7,
      "row": 2,
    },
    {
      "col": 8,
      "row": 2,
    },
    {
      "col": 9,
      "row": 2,
    },
    {
      "col": 10,
      "row": 2,
    },
    {
      "col": 11,
      "row": 2,
    },
    null,
    {
      "col": 14,
      "row": 3,
    },
    null,
    {
      "col": 16,
      "row": 3,
    },
    null,
    {
      "col": 18,
      "row": 3,
    },
    {
      "col": 18,
      "row": 2,
    },
    {
      "col": 19,
      "row": 2,
    },
    {
      "col": 20,
      "row": 2,
    },
    {
      "col": 21,
      "row": 2,
    },
    {
      "col": 22,
      "row": 2,
    },
    {
      "col": 23,
      "row": 2,
    },
    {
      "col": 24,
      "row": 2,
    },
    {
      "col": 25,
      "row": 2,
    },
    {
      "col": 26,
      "row": 2,
    },
    {
      "col": 27,
      "row": 2,
    },
    null,
    {
      "col": 30,
      "row": 3,
    },
  ],
  [
    null,
    null,
    {
      "col": 2,
      "row": 2,
    },
    null,
    {
      "col": 4,
      "row": 2,
    },
    null,
    {
      "col": 6,
      "row": 2,
    },
    null,
    {
      "col": 8,
      "row": 2,
    },
    null,
    null,
    null,
    null,
    null,
    {
      "col": 14,
      "row": 4,
    },
    null,
    {
      "col": 16,
      "row": 4,
    },
    null,
    {
      "col": 18,
      "row": 4,
    },
    null,
    null,
    null,
    null,
    null,
    null,
    null,
    null,
    null,
    null,
    null,
    {
      "col": 30,
      "row": 4,
    },
  ],
  [
    {
      "col": 1,
      "row": 4,
    },
    {
      "col": 2,
      "row": 4,
    },
    {
      "col": 2,
      "row": 3,
    },
    null,
    {
      "col": 4,
      "row": 3,
    },
    null,
    {
      "col": 6,
      "row": 3,
    },
    null,
    {
      "col": 8,
      "row": 3,
    },
    {
      "col": 8,
      "row": 4,
    },
    {
      "col": 9,
      "row": 4,
    },
    {
      "col": 10,
      "row": 4,
    },
    {
      "col": 11,
      "row": 4,
    },
    {
      "col": 12,
      "row": 4,
    },
    {
      "col": 13,
      "row": 4,
    },
    {
      "col": 14,
      "row": 4,
    },
    {
      "col": 15,
      "row": 4,
    },
    null,
    {
      "col": 18,
      "row": 5,
    },
    {
      "col": 18,
      "row": 4,
    },
    {
      "col": 19,
      "row": 4,
    },
    {
      "col": 20,
      "row": 4,
    },
    {
      "col": 21,
      "row": 4,
    },
    null,
    {
      "col": 24,
      "row": 5,
    },
    null,
    {
      "col": 26,
      "row": 5,
    },
    null,
    {
      "col": 29,
      "row": 4,
    },
    {
      "col": 30,
      "row": 4,
    },
    {
      "col": 30,
      "row": 5,
    },
  ],
  [
    null,
    null,
    {
      "col": 2,
      "row": 4,
    },
    null,
    null,
    null,
    {
      "col": 6,
      "row": 4,
    },
    null,
    {
      "col": 8,
      "row": 4,
    },
    null,
    null,
    null,
    {
      "col": 12,
      "row": 4,
    },
    null,
    {
      "col": 14,
      "row": 4,
    },
    null,
    {
      "col": 16,
      "row": 4,
    },
    null,
    {
      "col": 18,
      "row": 6,
    },
    null,
    null,
    null,
    null,
    null,
    {
      "col": 24,
      "row": 6,
    },
    null,
    {
      "col": 26,
      "row": 6,
    },
    null,
    null,
    null,
    {
      "col": 30,
      "row": 6,
    },
  ],
  [
    {
      "col": 1,
      "row": 6,
    },
    {
      "col": 2,
      "row": 6,
    },
    {
      "col": 2,
      "row": 5,
    },
    null,
    {
      "col": 5,
      "row": 6,
    },
    {
      "col": 6,
      "row": 6,
    },
    {
      "col": 6,
      "row": 5,
    },
    null,
    {
      "col": 8,
      "row": 5,
    },
    {
      "col": 8,
      "row": 6,
    },
    {
      "col": 9,
      "row": 6,
    },
    null,
    {
      "col": 12,
      "row": 5,
    },
    null,
    {
      "col": 14,
      "row": 5,
    },
    null,
    {
      "col": 16,
      "row": 5,
    },
    {
      "col": 16,
      "row": 6,
    },
    {
      "col": 17,
      "row": 6,
    },
    {
      "col": 18,
      "row": 6,
    },
    {
      "col": 19,
      "row": 6,
    },
    null,
    {
      "col": 22,
      "row": 7,
    },
    {
      "col": 22,
      "row": 6,
    },
    {
      "col": 23,
      "row": 6,
    },
    {
      "col": 24,
      "row": 6,
    },
    {
      "col": 25,
      "row": 6,
    },
    {
      "col": 26,
      "row": 6,
    },
    {
      "col": 27,
      "row": 6,
    },
    {
      "col": 28,
      "row": 6,
    },
    {
      "col": 29,
      "row": 6,
    },
  ],
  [
    null,
    null,
    null,
    null,
    {
      "col": 4,
      "row": 6,
    },
    null,
    null,
    null,
    {
      "col": 8,
      "row": 6,
    },
    null,
    null,
    null,
    {
      "col": 12,
      "row": 6,
    },
    null,
    null,
    null,
    {
      "col": 16,
      "row": 6,
    },
    null,
    null,
    null,
    null,
    null,
    {
      "col": 22,
      "row": 8,
    },
    null,
    null,
    null,
    null,
    null,
    {
      "col": 28,
      "row": 6,
    },
    null,
    null,
  ],
  [
    {
      "col": 0,
      "row": 9,
    },
    null,
    {
      "col": 3,
      "row": 8,
    },
    {
      "col": 4,
      "row": 8,
    },
    {
      "col": 4,
      "row": 7,
    },
    {
      "col": 4,
      "row": 8,
    },
    {
      "col": 5,
      "row": 8,
    },
    null,
    {
      "col": 8,
      "row": 7,
    },
    null,
    {
      "col": 11,
      "row": 8,
    },
    {
      "col": 12,
      "row": 8,
    },
    {
      "col": 12,
      "row": 7,
    },
    {
      "col": 12,
      "row": 8,
    },
    {
      "col": 13,
      "row": 8,
    },
    null,
    {
      "col": 16,
      "row": 7,
    },
    {
      "col": 16,
      "row": 8,
    },
    {
      "col": 17,
      "row": 8,
    },
    {
      "col": 18,
      "row": 8,
    },
    {
      "col": 19,
      "row": 8,
    },
    {
      "col": 20,
      "row": 8,
    },
    {
      "col": 21,
      "row": 8,
    },
    null,
    {
      "col": 24,
      "row": 9,
    },
    null,
    {
      "col": 26,
      "row": 9,
    },
    null,
    {
      "col": 28,
      "row": 7,
    },
    {
      "col": 28,
      "row": 8,
    },
    {
      "col": 29,
      "row": 8,
    },
  ],
  [
    {
      "col": 0,
      "row": 10,
    },
    null,
    null,
    null,
    {
      "col": 4,
      "row": 8,
    },
    null,
    {
      "col": 6,
      "row": 8,
    },
    null,
    {
      "col": 8,
      "row": 8,
    },
    null,
    {
      "col": 10,
      "row": 8,
    },
    null,
    {
      "col": 12,
      "row": 8,
    },
    null,
    {
      "col": 14,
      "row": 8,
    },
    null,
    null,
    null,
    null,
    null,
    null,
    null,
    null,
    null,
    {
      "col": 24,
      "row": 10,
    },
    null,
    {
      "col": 26,
      "row": 10,
    },
    null,
    {
      "col": 28,
      "row": 8,
    },
    null,
    {
      "col": 30,
      "row": 8,
    },
  ],
  [
    {
      "col": 1,
      "row": 10,
    },
    {
      "col": 2,
      "row": 10,
    },
    {
      "col": 3,
      "row": 10,
    },
    {
      "col": 4,
      "row": 10,
    },
    {
      "col": 4,
      "row": 9,
    },
    null,
    {
      "col": 6,
      "row": 9,
    },
    null,
    {
      "col": 8,
      "row": 9,
    },
    null,
    {
      "col": 10,
      "row": 9,
    },
    null,
    {
      "col": 12,
      "row": 9,
    },
    null,
    {
      "col": 14,
      "row": 9,
    },
    {
      "col": 14,
      "row": 10,
    },
    {
      "col": 15,
      "row": 10,
    },
    {
      "col": 16,
      "row": 10,
    },
    {
      "col": 17,
      "row": 10,
    },
    {
      "col": 18,
      "row": 10,
    },
    {
      "col": 19,
      "row": 10,
    },
    {
      "col": 20,
      "row": 10,
    },
    {
      "col": 21,
      "row": 10,
    },
    {
      "col": 22,
      "row": 10,
    },
    {
      "col": 23,
      "row": 10,
    },
    null,
    {
      "col": 26,
      "row": 11,
    },
    null,
    {
      "col": 28,
      "row": 9,
    },
    null,
    {
      "col": 30,
      "row": 9,
    },
  ],
  [
    {
      "col": 0,
      "row": 10,
    },
    null,
    {
      "col": 2,
      "row": 10,
    },
    null,
    {
      "col": 4,
      "row": 10,
    },
    null,
    null,
    null,
    null,
    null,
    null,
    null,
    null,
    null,
    {
      "col": 14,
      "row": 10,
    },
    null,
    null,
    null,
    null,
    null,
    {
      "col": 20,
      "row": 10,
    },
    null,
    null,
    null,
    null,
    null,
    {
      "col": 26,
      "row": 12,
    },
    null,
    null,
    null,
    null,
  ],
  [
    {
      "col": 0,
      "row": 11,
    },
    null,
    {
      "col": 2,
      "row": 11,
    },
    null,
    {
      "col": 4,
      "row": 11,
    },
    {
      "col": 4,
      "row": 12,
    },
    {
      "col": 5,
      "row": 12,
    },
    {
      "col": 6,
      "row": 12,
    },
    {
      "col": 7,
      "row": 12,
    },
    {
      "col": 8,
      "row": 12,
    },
    {
      "col": 9,
      "row": 12,
    },
    null,
    {
      "col": 12,
      "row": 13,
    },
    null,
    {
      "col": 14,
      "row": 11,
    },
    {
      "col": 14,
      "row": 12,
    },
    {
      "col": 15,
      "row": 12,
    },
    null,
    {
      "col": 19,
      "row": 12,
    },
    {
      "col": 20,
      "row": 12,
    },
    {
      "col": 20,
      "row": 11,
    },
    {
      "col": 20,
      "row": 12,
    },
    {
      "col": 21,
      "row": 12,
    },
    {
      "col": 22,
      "row": 12,
    },
    {
      "col": 23,
      "row": 12,
    },
    {
      "col": 24,
      "row": 12,
    },
    {
      "col": 25,
      "row": 12,
    },
    {
      "col": 26,
      "row": 12,
    },
    {
      "col": 27,
      "row": 12,
    },
    {
      "col": 28,
      "row": 12,
    },
    {
      "col": 29,
      "row": 12,
    },
  ],
  [
    null,
    null,
    {
      "col": 2,
      "row": 12,
    },
    null,
    {
      "col": 4,
      "row": 12,
    },
    null,
    null,
    null,
    {
      "col": 8,
      "row": 12,
    },
    null,
    null,
    null,
    {
      "col": 12,
      "row": 14,
    },
    null,
    null,
    null,
    null,
    null,
    null,
    null,
    {
      "col": 20,
      "row": 12,
    },
    null,
    {
      "col": 22,
      "row": 12,
    },
    null,
    null,
    null,
    null,
    null,
    null,
    null,
    null,
  ],
  [
    {
      "col": 1,
      "row": 14,
    },
    {
      "col": 2,
      "row": 14,
    },
    {
      "col": 2,
      "row": 13,
    },
    null,
    {
      "col": 4,
      "row": 13,
    },
    {
      "col": 4,
      "row": 14,
    },
    {
      "col": 5,
      "row": 14,
    },
    null,
    {
      "col": 8,
      "row": 13,
    },
    {
      "col": 8,
      "row": 14,
    },
    {
      "col": 9,
      "row": 14,
    },
    {
      "col": 10,
      "row": 14,
    },
    {
      "col": 11,
      "row": 14,
    },
    null,
    {
      "col": 14,
      "row": 15,
    },
    {
      "col": 14,
      "row": 14,
    },
    {
      "col": 15,
      "row": 14,
    },
    null,
    {
      "col": 19,
      "row": 14,
    },
    {
      "col": 20,
      "row": 14,
    },
    {
      "col": 20,
      "row": 13,
    },
    null,
    {
      "col": 22,
      "row": 13,
    },
    {
      "col": 22,
      "row": 14,
    },
    {
      "col": 23,
      "row": 14,
    },
    {
      "col": 24,
      "row": 14,
    },
    {
      "col": 25,
      "row": 14,
    },
    {
      "col": 26,
      "row": 14,
    },
    {
      "col": 27,
      "row": 14,
    },
    {
      "col": 28,
      "row": 14,
    },
    {
      "col": 29,
      "row": 14,
    },
  ],
  [
    null,
    null,
    {
      "col": 2,
      "row": 14,
    },
    null,
    {
      "col": 4,
      "row": 14,
    },
    null,
    null,
    null,
    null,
    null,
    null,
    null,
    {
      "col": 12,
      "row": 14,
    },
    null,
    {
      "col": 14,
      "row": 16,
    },
    null,
    {
      "col": 16,
      "row": 14,
    },
    null,
    null,
    null,
    {
      "col": 20,
      "row": 14,
    },
    null,
    null,
    null,
    {
      "col": 24,
      "row": 14,
    },
    null,
    {
      "col": 26,
      "row": 14,
    },
    null,
    null,
    null,
    null,
  ],
  [
    {
      "col": 1,
      "row": 16,
    },
    {
      "col": 2,
      "row": 16,
    },
    {
      "col": 2,
      "row": 15,
    },
    null,
    {
      "col": 4,
      "row": 15,
    },
    {
      "col": 4,
      "row": 16,
    },
    {
      "col": 5,
      "row": 16,
    },
    {
      "col": 6,
      "row": 16,
    },
    {
      "col": 7,
      "row": 16,
    },
    null,
    {
      "col": 11,
      "row": 16,
    },
    {
      "col": 12,
      "row": 16,
    },
    {
      "col": 12,
      "row": 15,
    },
    {
      "col": 12,
      "row": 16,
    },
    {
      "col": 13,
      "row": 16,
    },
    null,
    {
      "col": 16,
      "row": 15,
    },
    null,
    {
      "col": 19,
      "row": 16,
    },
    {
      "col": 20,
      "row": 16,
    },
    {
      "col": 20,
      "row": 15,
    },
    {
      "col": 20,
      "row": 16,
    },
    {
      "col": 21,
      "row": 16,
    },
    null,
    {
      "col": 24,
      "row": 15,
    },
    null,
    {
      "col": 26,
      "row": 15,
    },
    {
      "col": 26,
      "row": 16,
    },
    {
      "col": 27,
      "row": 16,
    },
    {
      "col": 28,
      "row": 16,
    },
    {
      "col": 29,
      "row": 16,
    },
  ],
  [
    null,
    null,
    {
      "col": 2,
      "row": 16,
    },
    null,
    null,
    null,
    {
      "col": 6,
      "row": 16,
    },
    null,
    null,
    null,
    null,
    null,
    {
      "col": 12,
      "row": 16,
    },
    null,
    {
      "col": 14,
      "row": 16,
    },
    null,
    null,
    null,
    null,
    null,
    null,
    null,
    {
      "col": 22,
      "row": 16,
    },
    null,
    null,
    null,
    {
      "col": 26,
      "row": 16,
    },
    null,
    null,
    null,
    null,
  ],
  [
    {
      "col": 1,
      "row": 18,
    },
    {
      "col": 2,
      "row": 18,
    },
    {
      "col": 2,
      "row": 17,
    },
    {
      "col": 2,
      "row": 18,
    },
    {
      "col": 3,
      "row": 18,
    },
    null,
    {
      "col": 6,
      "row": 17,
    },
    {
      "col": 6,
      "row": 18,
    },
    {
      "col": 7,
      "row": 18,
    },
    {
      "col": 8,
      "row": 18,
    },
    {
      "col": 9,
      "row": 18,
    },
    null,
    {
      "col": 12,
      "row": 17,
    },
    null,
    {
      "col": 14,
      "row": 17,
    },
    {
      "col": 14,
      "row": 18,
    },
    {
      "col": 15,
      "row": 18,
    },
    {
      "col": 16,
      "row": 18,
    },
    {
      "col": 17,
      "row": 18,
    },
    {
      "col": 18,
      "row": 18,
    },
    {
      "col": 19,
      "row": 18,
    },
    null,
    {
      "col": 22,
      "row": 17,
    },
    {
      "col": 22,
      "row": 18,
    },
    {
      "col": 23,
      "row": 18,
    },
    null,
    {
      "col": 26,
      "row": 17,
    },
    {
      "col": 26,
      "row": 18,
    },
    {
      "col": 27,
      "row": 18,
    },
    {
      "col": 28,
      "row": 18,
    },
    {
      "col": 29,
      "row": 18,
    },
  ],
  [
    {
      "col": 0,
      "row": 18,
    },
    null,
    null,
    null,
    {
      "col": 4,
      "row": 18,
    },
    null,
    null,
    null,
    null,
    null,
    null,
    null,
    null,
    null,
    null,
    null,
    {
      "col": 16,
      "row": 18,
    },
    null,
    null,
    null,
    null,
    null,
    {
      "col": 22,
      "row": 18,
    },
    null,
    null,
    null,
    {
      "col": 26,
      "row": 18,
    },
    null,
    {
      "col": 28,
      "row": 18,
    },
    null,
    null,
  ],
  [
    {
      "col": 0,
      "row": 19,
    },
    null,
    {
      "col": 2,
      "row": 21,
    },
    null,
    {
      "col": 4,
      "row": 19,
    },
    {
      "col": 4,
      "row": 20,
    },
    {
      "col": 5,
      "row": 20,
    },
    null,
    {
      "col": 8,
      "row": 21,
    },
    {
      "col": 8,
      "row": 20,
    },
    {
      "col": 9,
      "row": 20,
    },
    null,
    {
      "col": 12,
      "row": 21,
    },
    null,
    {
      "col": 15,
      "row": 20,
    },
    {
      "col": 16,
      "row": 20,
    },
    {
      "col": 16,
      "row": 19,
    },
    {
      "col": 16,
      "row": 20,
    },
    {
      "col": 17,
      "row": 20,
    },
    null,
    {
      "col": 21,
      "row": 20,
    },
    {
      "col": 22,
      "row": 20,
    },
    {
      "col": 22,
      "row": 19,
    },
    {
      "col": 22,
      "row": 20,
    },
    {
      "col": 23,
      "row": 20,
    },
    null,
    {
      "col": 26,
      "row": 19,
    },
    null,
    {
      "col": 28,
      "row": 19,
    },
    {
      "col": 28,
      "row": 20,
    },
    {
      "col": 29,
      "row": 20,
    },
  ],
  [
    {
      "col": 0,
      "row": 20,
    },
    null,
    {
      "col": 2,
      "row": 22,
    },
    null,
    null,
    null,
    {
      "col": 6,
      "row": 20,
    },
    null,
    {
      "col": 8,
      "row": 22,
    },
    null,
    null,
    null,
    {
      "col": 12,
      "row": 22,
    },
    null,
    null,
    null,
    {
      "col": 16,
      "row": 20,
    },
    null,
    null,
    null,
    {
      "col": 20,
      "row": 20,
    },
    null,
    {
      "col": 22,
      "row": 20,
    },
    null,
    {
      "col": 24,
      "row": 20,
    },
    null,
    null,
    null,
    {
      "col": 28,
      "row": 20,
    },
    null,
    null,
  ],
  [
    {
      "col": 0,
      "row": 21,
    },
    null,
    {
      "col": 2,
      "row": 23,
    },
    null,
    {
      "col": 5,
      "row": 22,
    },
    {
      "col": 6,
      "row": 22,
    },
    {
      "col": 6,
      "row": 21,
    },
    {
      "col": 6,
      "row": 22,
    },
    {
      "col": 7,
      "row": 22,
    },
    {
      "col": 8,
      "row": 22,
    },
    {
      "col": 9,
      "row": 22,
    },
    {
      "col": 10,
      "row": 22,
    },
    {
      "col": 11,
      "row": 22,
    },
    {
      "col": 12,
      "row": 22,
    },
    {
      "col": 13,
      "row": 22,
    },
    null,
    {
      "col": 16,
      "row": 21,
    },
    {
      "col": 16,
      "row": 22,
    },
    {
      "col": 17,
      "row": 22,
    },
    null,
    {
      "col": 20,
      "row": 21,
    },
    null,
    {
      "col": 22,
      "row": 21,
    },
    null,
    {
      "col": 24,
      "row": 21,
    },
    null,
    {
      "col": 27,
      "row": 22,
    },
    {
      "col": 28,
      "row": 22,
    },
    {
      "col": 28,
      "row": 21,
    },
    {
      "col": 28,
      "row": 22,
    },
    {
      "col": 29,
      "row": 22,
    },
  ],
  [
    {
      "col": 0,
      "row": 22,
    },
    null,
    {
      "col": 2,
      "row": 24,
    },
    null,
    {
      "col": 4,
      "row": 22,
    },
    null,
    null,
    null,
    null,
    null,
    null,
    null,
    {
      "col": 12,
      "row": 22,
    },
    null,
    null,
    null,
    {
      "col": 16,
      "row": 22,
    },
    null,
    null,
    null,
    null,
    null,
    {
      "col": 22,
      "row": 22,
    },
    null,
    {
      "col": 24,
      "row": 22,
    },
    null,
    {
      "col": 26,
      "row": 22,
    },
    null,
    {
      "col": 28,
      "row": 22,
    },
    null,
    null,
  ],
  [
    {
      "col": 0,
      "row": 23,
    },
    null,
    {
      "col": 3,
      "row": 24,
    },
    {
      "col": 4,
      "row": 24,
    },
    {
      "col": 4,
      "row": 23,
    },
    {
      "col": 4,
      "row": 24,
    },
    {
      "col": 5,
      "row": 24,
    },
    {
      "col": 6,
      "row": 24,
    },
    {
      "col": 7,
      "row": 24,
    },
    {
      "col": 8,
      "row": 24,
    },
    {
      "col": 9,
      "row": 24,
    },
    null,
    {
      "col": 12,
      "row": 23,
    },
    null,
    {
      "col": 15,
      "row": 24,
    },
    {
      "col": 16,
      "row": 24,
    },
    {
      "col": 16,
      "row": 23,
    },
    {
      "col": 16,
      "row": 24,
    },
    {
      "col": 17,
      "row": 24,
    },
    {
      "col": 18,
      "row": 24,
    },
    {
      "col": 19,
      "row": 24,
    },
    null,
    {
      "col": 22,
      "row": 23,
    },
    null,
    {
      "col": 24,
      "row": 23,
    },
    null,
    {
      "col": 26,
      "row": 23,
    },
    null,
    {
      "col": 28,
      "row": 23,
    },
    {
      "col": 28,
      "row": 24,
    },
    {
      "col": 29,
      "row": 24,
    },
  ],
  [
    {
      "col": 0,
      "row": 24,
    },
    null,
    {
      "col": 2,
      "row": 24,
    },
    null,
    {
      "col": 4,
      "row": 24,
    },
    null,
    null,
    null,
    null,
    null,
    {
      "col": 10,
      "row": 24,
    },
    null,
    null,
    null,
    null,
    null,
    null,
    null,
    null,
    null,
    null,
    null,
    null,
    null,
    null,
    null,
    null,
    null,
    {
      "col": 28,
      "row": 24,
    },
    null,
    null,
  ],
  [
    {
      "col": 0,
      "row": 25,
    },
    null,
    {
      "col": 2,
      "row": 25,
    },
    null,
    {
      "col": 4,
      "row": 25,
    },
    {
      "col": 4,
      "row": 26,
    },
    {
      "col": 5,
      "row": 26,
    },
    {
      "col": 6,
      "row": 26,
    },
    {
      "col": 7,
      "row": 26,
    },
    null,
    {
      "col": 10,
      "row": 25,
    },
    {
      "col": 10,
      "row": 26,
    },
    {
      "col": 11,
      "row": 26,
    },
    {
      "col": 12,
      "row": 26,
    },
    {
      "col": 13,
      "row": 26,
    },
    {
      "col": 14,
      "row": 26,
    },
    {
      "col": 15,
      "row": 26,
    },
    {
      "col": 16,
      "row": 26,
    },
    {
      "col": 17,
      "row": 26,
    },
    {
      "col": 18,
      "row": 26,
    },
    null,
    null,
    null,
    null,
    null,
    {
      "col": 26,
      "row": 26,
    },
    {
      "col": 27,
      "row": 26,
    },
    {
      "col": 28,
      "row": 26,
    },
    {
      "col": 28,
      "row": 25,
    },
    {
      "col": 28,
      "row": 26,
    },
    {
      "col": 29,
      "row": 26,
    },
  ],
]
`;

exports[`BFS algorithm > should solve the maze 3`] = `
[
  [
    1,
    4,
    4,
    3,
    4,
    3,
    4,
    4,
    4,
    3,
    0,
    0,
    0,
    3,
    0,
    0,
    0,
    0,
    0,
    0,
    0,
    0,
    0,
    0,
    0,
    3,
    0,
    0,
    0,
    0,
    0,
  ],
  [
    4,
    3,
    4,
    3,
    4,
    3,
    4,
    3,
    3,
    3,
    0,
    3,
    3,
    3,
    0,
    3,
    3,
    3,
    3,
    3,
    3,
    3,
    3,
    3,
    3,
    3,
    3,
    3,
    0,
    3,
    3,
  ],
  [
    4,
    3,
    4,
    4,
    4,
    4,
    4,
    4,
    4,
    0,
    0,
    0,
    0,
    3,
    0,
    3,
    0,
    3,
    0,
    0,
    0,
    0,
    0,
    0,
    0,
    0,
    0,
    0,
    0,
    3,
    0,
  ],
  [
    3,
    3,
    4,
    3,
    4,
    3,
    4,
    3,
    4,
    3,
    3,
    3,
    3,
    3,
    0,
    3,
    0,
    3,
    0,
    3,
    3,
    3,
    3,
    3,
    3,
    3,
    3,
    3,
    3,
    3,
    0,
  ],
  [
    4,
    4,
    4,
    3,
    4,
    3,
    4,
    3,
    4,
    4,
    4,
    4,
    4,
    0,
    0,
    0,
    0,
    3,
    0,
    0,
    0,
    0,
    0,
    3,
    0,
    3,
    0,
    3,
    0,
    0,
    0,
  ],
  [
    3,
    3,
    4,
    3,
    3,
    3,
    4,
    3,
    4,
    3,
    3,
    3,
    4,
    3,
    0,
    3,
    0,
    3,
    0,
    3,
    3,
    3,
    3,
    3,
    0,
    3,
    0,
    3,
    3,
    3,
    0,
  ],
  [
    4,
    4,
    4,
    3,
    4,
    4,
    4,
    3,
    4,
    4,
    4,
    3,
    4,
    3,
    0,
    3,
    0,
    0,
    0,
    0,
    0,
    3,
    0,
    0,
    0,
    0,
    0,
    0,
    0,
    0,
    0,
  ],
  [
    3,
    3,
    3,
    3,
    4,
    3,
    3,
    3,
    4,
    3,
    3,
    3,
    4,
    3,
    3,
    3,
    0,
    3,
    3,
    3,
    3,
    3,
    0,
    3,
    3,
    3,
    3,
    3,
    0,
    3,
    3,
  ],
  [
    4,
    3,
    4,
    4,
    4,
    4,
    4,
    3,
    4,
    3,
    0,
    0,
    4,
    4,
    4,
    3,
    0,
    0,
    0,
    0,
    0,
    0,
    0,
    3,
    0,
    3,
    0,
    3,
    0,
    0,
    0,
  ],
  [
    4,
    3,
    3,
    3,
    4,
    3,
    4,
    3,
    4,
    3,
    0,
    3,
    4,
    3,
    4,
    3,
    3,
    3,
    3,
    3,
    3,
    3,
    3,
    3,
    0,
    3,
    0,
    3,
    0,
    3,
    0,
  ],
  [
    4,
    4,
    4,
    4,
    4,
    3,
    4,
    3,
    4,
    3,
    0,
    3,
    4,
    3,
    4,
    4,
    4,
    4,
    4,
    4,
    4,
    0,
    0,
    0,
    0,
    3,
    0,
    3,
    0,
    3,
    0,
  ],
  [
    4,
    3,
    4,
    3,
    4,
    3,
    3,
    3,
    3,
    3,
    3,
    3,
    3,
    3,
    4,
    3,
    3,
    3,
    3,
    3,
    4,
    3,
    3,
    3,
    3,
    3,
    0,
    3,
    3,
    3,
    3,
  ],
  [
    4,
    3,
    4,
    3,
    4,
    4,
    4,
    4,
    4,
    4,
    4,
    3,
    4,
    3,
    4,
    4,
    4,
    3,
    0,
    0,
    4,
    4,
    4,
    0,
    0,
    0,
    0,
    0,
    0,
    0,
    0,
  ],
  [
    3,
    3,
    4,
    3,
    4,
    3,
    3,
    3,
    4,
    3,
    3,
    3,
    4,
    3,
    3,
    3,
    3,
    3,
    3,
    3,
    4,
    3,
    4,
    3,
    3,
    3,
    3,
    3,
    3,
    3,
    3,
  ],
  [
    4,
    4,
    4,
    3,
    4,
    4,
    4,
    3,
    4,
    4,
    4,
    4,
    4,
    3,
    4,
    4,
    4,
    3,
    4,
    4,
    4,
    3,
    4,
    4,
    4,
    4,
    4,
    0,
    0,
    0,
    0,
  ],
  [
    3,
    3,
    4,
    3,
    4,
    3,
    3,
    3,
    3,
    3,
    3,
    3,
    4,
    3,
    4,
    3,
    4,
    3,
    3,
    3,
    4,
    3,
    3,
    3,
    4,
    3,
    4,
    3,
    3,
    3,
    3,
  ],
  [
    4,
    4,
    4,
    3,
    4,
    4,
    4,
    4,
    4,
    3,
    4,
    4,
    4,
    4,
    4,
    3,
    4,
    3,
    4,
    4,
    4,
    4,
    4,
    3,
    4,
    3,
    4,
    0,
    0,
    0,
    0,
  ],
  [
    3,
    3,
    4,
    3,
    3,
    3,
    4,
    3,
    3,
    3,
    3,
    3,
    4,
    3,
    4,
    3,
    3,
    3,
    3,
    3,
    3,
    3,
    4,
    3,
    3,
    3,
    4,
    3,
    3,
    3,
    3,
  ],
  [
    4,
    4,
    4,
    4,
    4,
    3,
    4,
    4,
    4,
    4,
    4,
    3,
    4,
    3,
    4,
    4,
    4,
    4,
    4,
    4,
    4,
    3,
    4,
    4,
    4,
    3,
    4,
    4,
    4,
    0,
    0,
  ],
  [
    4,
    3,
    3,
    3,
    4,
    3,
    3,
    3,
    3,
    3,
    3,
    3,
    3,
    3,
    3,
    3,
    4,
    3,
    3,
    3,
    3,
    3,
    4,
    3,
    3,
    3,
    4,
    3,
    4,
    3,
    3,
  ],
  [
    4,
    3,
    4,
    3,
    4,
    4,
    4,
    3,
    4,
    4,
    4,
    3,
    4,
    3,
    4,
    4,
    4,
    4,
    4,
    3,
    4,
    4,
    4,
    4,
    4,
    3,
    4,
    3,
    4,
    0,
    0,
  ],
  [
    4,
    3,
    4,
    3,
    3,
    3,
    4,
    3,
    4,
    3,
    3,
    3,
    4,
    3,
    3,
    3,
    4,
    3,
    3,
    3,
    4,
    3,
    4,
    3,
    4,
    3,
    3,
    3,
    4,
    3,
    3,
  ],
  [
    4,
    3,
    4,
    3,
    4,
    4,
    4,
    4,
    4,
    4,
    4,
    4,
    4,
    4,
    4,
    3,
    4,
    4,
    4,
    3,
    4,
    3,
    4,
    3,
    4,
    3,
    0,
    0,
    4,
    0,
    0,
  ],
  [
    4,
    3,
    4,
    3,
    4,
    3,
    3,
    3,
    3,
    3,
    3,
    3,
    4,
    3,
    3,
    3,
    4,
    3,
    3,
    3,
    3,
    3,
    4,
    3,
    4,
    3,
    0,
    3,
    4,
    3,
    3,
  ],
  [
    4,
    3,
    4,
    4,
    4,
    4,
    4,
    4,
    4,
    4,
    4,
    3,
    4,
    3,
    4,
    4,
    4,
    4,
    4,
    4,
    4,
    3,
    4,
    3,
    4,
    3,
    0,
    3,
    4,
    0,
    0,
  ],
  [
    4,
    3,
    4,
    3,
    4,
    3,
    3,
    3,
    3,
    3,
    4,
    3,
    3,
    3,
    3,
    3,
    3,
    3,
    3,
    3,
    3,
    3,
    3,
    3,
    3,
    3,
    3,
    3,
    4,
    3,
    3,
  ],
  [
    4,
    3,
    4,
    3,
    4,
    4,
    4,
    4,
    4,
    3,
    4,
    4,
    4,
    4,
    4,
    4,
    4,
    4,
    4,
    4,
    4,
    3,
    0,
    0,
    0,
    0,
    0,
    0,
    4,
    4,
    2,
  ],
]
`;

exports[`BFS algorithm > should solve the maze 4`] = `
[
  [
    {
      "col": -1,
      "row": -1,
    },
    {
      "col": 0,
      "row": 0,
    },
    {
      "col": 1,
      "row": 0,
    },
    null,
    {
      "col": 4,
      "row": 1,
    },
    null,
    {
      "col": 6,
      "row": 1,
    },
    {
      "col": 6,
      "row": 0,
    },
    {
      "col": 7,
      "row": 0,
    },
    null,
    null,
    null,
    null,
    null,
    null,
    null,
    null,
    null,
    null,
    null,
    null,
    null,
    null,
    null,
    null,
    null,
    null,
    null,
    null,
    null,
    null,
  ],
  [
    {
      "col": 0,
      "row": 0,
    },
    null,
    {
      "col": 2,
      "row": 0,
    },
    null,
    {
      "col": 4,
      "row": 2,
    },
    null,
    {
      "col": 6,
      "row": 2,
    },
    null,
    null,
    null,
    null,
    null,
    null,
    null,
    null,
    null,
    null,
    null,
    null,
    null,
    null,
    null,
    null,
    null,
    null,
    null,
    null,
    null,
    null,
    null,
    null,
  ],
  [
    {
      "col": 0,
      "row": 1,
    },
    null,
    {
      "col": 2,
      "row": 1,
    },
    {
      "col": 2,
      "row": 2,
    },
    {
      "col": 3,
      "row": 2,
    },
    {
      "col": 4,
      "row": 2,
    },
    {
      "col": 5,
      "row": 2,
    },
    {
      "col": 6,
      "row": 2,
    },
    {
      "col": 7,
      "row": 2,
    },
    null,
    null,
    null,
    null,
    null,
    null,
    null,
    null,
    null,
    null,
    null,
    null,
    null,
    null,
    null,
    null,
    null,
    null,
    null,
    null,
    null,
    null,
  ],
  [
    null,
    null,
    {
      "col": 2,
      "row": 2,
    },
    null,
    {
      "col": 4,
      "row": 2,
    },
    null,
    {
      "col": 6,
      "row": 2,
    },
    null,
    {
      "col": 8,
      "row": 2,
    },
    null,
    null,
    null,
    null,
    null,
    null,
    null,
    null,
    null,
    null,
    null,
    null,
    null,
    null,
    null,
    null,
    null,
    null,
    null,
    null,
    null,
    null,
  ],
  [
    {
      "col": 1,
      "row": 4,
    },
    {
      "col": 2,
      "row": 4,
    },
    {
      "col": 2,
      "row": 3,
    },
    null,
    {
      "col": 4,
      "row": 3,
    },
    null,
    {
      "col": 6,
      "row": 3,
    },
    null,
    {
      "col": 8,
      "row": 3,
    },
    {
      "col": 8,
      "row": 4,
    },
    {
      "col": 9,
      "row": 4,
    },
    {
      "col": 10,
      "row": 4,
    },
    {
      "col": 11,
      "row": 4,
    },
    null,
    null,
    null,
    null,
    null,
    null,
    null,
    null,
    null,
    null,
    null,
    null,
    null,
    null,
    null,
    null,
    null,
    null,
  ],
  [
    null,
    null,
    {
      "col": 2,
      "row": 4,
    },
    null,
    null,
    null,
    {
      "col": 6,
      "row": 4,
    },
    null,
    {
      "col": 8,
      "row": 4,
    },
    null,
    null,
    null,
    {
      "col": 12,
      "row": 4,
    },
    null,
    null,
    null,
    null,
    null,
    null,
    null,
    null,
    null,
    null,
    null,
    null,
    null,
    null,
    null,
    null,
    null,
    null,
  ],
  [
    {
      "col": 1,
      "row": 6,
    },
    {
      "col": 2,
      "row": 6,
    },
    {
      "col": 2,
      "row": 5,
    },
    null,
    {
      "col": 5,
      "row": 6,
    },
    {
      "col": 6,
      "row": 6,
    },
    {
      "col": 6,
      "row": 5,
    },
    null,
    {
      "col": 8,
      "row": 5,
    },
    {
      "col": 8,
      "row": 6,
    },
    {
      "col": 9,
      "row": 6,
    },
    null,
    {
      "col": 12,
      "row": 5,
    },
    null,
    null,
    null,
    null,
    null,
    null,
    null,
    null,
    null,
    null,
    null,
    null,
    null,
    null,
    null,
    null,
    null,
    null,
  ],
  [
    null,
    null,
    null,
    null,
    {
      "col": 4,
      "row": 6,
    },
    null,
    null,
    null,
    {
      "col": 8,
      "row": 6,
    },
    null,
    null,
    null,
    {
      "col": 12,
      "row": 6,
    },
    null,
    null,
    null,
    null,
    null,
    null,
    null,
    null,
    null,
    null,
    null,
    null,
    null,
    null,
    null,
    null,
    null,
    null,
  ],
  [
    {
      "col": 0,
      "row": 9,
    },
    null,
    {
      "col": 3,
      "row": 8,
    },
    {
      "col": 4,
      "row": 8,
    },
    {
      "col": 4,
      "row": 7,
    },
    {
      "col": 4,
      "row": 8,
    },
    {
      "col": 5,
      "row": 8,
    },
    null,
    {
      "col": 8,
      "row": 7,
    },
    null,
    null,
    null,
    {
      "col": 12,
      "row": 7,
    },
    {
      "col": 12,
      "row": 8,
    },
    {
      "col": 13,
      "row": 8,
    },
    null,
    null,
    null,
    null,
    null,
    null,
    null,
    null,
    null,
    null,
    null,
    null,
    null,
    null,
    null,
    null,
  ],
  [
    {
      "col": 0,
      "row": 10,
    },
    null,
    null,
    null,
    {
      "col": 4,
      "row": 8,
    },
    null,
    {
      "col": 6,
      "row": 8,
    },
    null,
    {
      "col": 8,
      "row": 8,
    },
    null,
    null,
    null,
    {
      "col": 12,
      "row": 8,
    },
    null,
    {
      "col": 14,
      "row": 8,
    },
    null,
    null,
    null,
    null,
    null,
    null,
    null,
    null,
    null,
    null,
    null,
    null,
    null,
    null,
    null,
    null,
  ],
  [
    {
      "col": 1,
      "row": 10,
    },
    {
      "col": 2,
      "row": 10,
    },
    {
      "col": 3,
      "row": 10,
    },
    {
      "col": 4,
      "row": 10,
    },
    {
      "col": 4,
      "row": 9,
    },
    null,
    {
      "col": 6,
      "row": 9,
    },
    null,
    {
      "col": 8,
      "row": 9,
    },
    null,
    null,
    null,
    {
      "col": 12,
      "row": 9,
    },
    null,
    {
      "col": 14,
      "row": 9,
    },
    {
      "col": 14,
      "row": 10,
    },
    {
      "col": 15,
      "row": 10,
    },
    {
      "col": 16,
      "row": 10,
    },
    {
      "col": 17,
      "row": 10,
    },
    {
      "col": 18,
      "row": 10,
    },
    {
      "col": 19,
      "row": 10,
    },
    null,
    null,
    null,
    null,
    null,
    null,
    null,
    null,
    null,
    null,
  ],
  [
    {
      "col": 0,
      "row": 10,
    },
    null,
    {
      "col": 2,
      "row": 10,
    },
    null,
    {
      "col": 4,
      "row": 10,
    },
    null,
    null,
    null,
    null,
    null,
    null,
    null,
    null,
    null,
    {
      "col": 14,
      "row": 10,
    },
    null,
    null,
    null,
    null,
    null,
    {
      "col": 20,
      "row": 10,
    },
    null,
    null,
    null,
    null,
    null,
    null,
    null,
    null,
    null,
    null,
  ],
  [
    {
      "col": 0,
      "row": 11,
    },
    null,
    {
      "col": 2,
      "row": 11,
    },
    null,
    {
      "col": 4,
      "row": 11,
    },
    {
      "col": 4,
      "row": 12,
    },
    {
      "col": 5,
      "row": 12,
    },
    {
      "col": 6,
      "row": 12,
    },
    {
      "col": 7,
      "row": 12,
    },
    {
      "col": 8,
      "row": 12,
    },
    {
      "col": 9,
      "row": 12,
    },
    null,
    {
      "col": 12,
      "row": 13,
    },
    null,
    {
      "col": 14,
      "row": 11,
    },
    {
      "col": 14,
      "row": 12,
    },
    {
      "col": 15,
      "row": 12,
    },
    null,
    null,
    null,
    {
      "col": 20,
      "row": 11,
    },
    {
      "col": 20,
      "row": 12,
    },
    {
      "col": 21,
      "row": 12,
    },
    null,
    null,
    null,
    null,
    null,
    null,
    null,
    null,
  ],
  [
    null,
    null,
    {
      "col": 2,
      "row": 12,
    },
    null,
    {
      "col": 4,
      "row": 12,
    },
    null,
    null,
    null,
    {
      "col": 8,
      "row": 12,
    },
    null,
    null,
    null,
    {
      "col": 12,
      "row": 14,
    },
    null,
    null,
    null,
    null,
    null,
    null,
    null,
    {
      "col": 20,
      "row": 12,
    },
    null,
    {
      "col": 22,
      "row": 12,
    },
    null,
    null,
    null,
    null,
    null,
    null,
    null,
    null,
  ],
  [
    {
      "col": 1,
      "row": 14,
    },
    {
      "col": 2,
      "row": 14,
    },
    {
      "col": 2,
      "row": 13,
    },
    null,
    {
      "col": 4,
      "row": 13,
    },
    {
      "col": 4,
      "row": 14,
    },
    {
      "col": 5,
      "row": 14,
    },
    null,
    {
      "col": 8,
      "row": 13,
    },
    {
      "col": 8,
      "row": 14,
    },
    {
      "col": 9,
      "row": 14,
    },
    {
      "col": 10,
      "row": 14,
    },
    {
      "col": 11,
      "row": 14,
    },
    null,
    {
      "col": 14,
      "row": 15,
    },
    {
      "col": 14,
      "row": 14,
    },
    {
      "col": 15,
      "row": 14,
    },
    null,
    {
      "col": 19,
      "row": 14,
    },
    {
      "col": 20,
      "row": 14,
    },
    {
      "col": 20,
      "row": 13,
    },
    null,
    {
      "col": 22,
      "row": 13,
    },
    {
      "col": 22,
      "row": 14,
    },
    {
      "col": 23,
      "row": 14,
    },
    {
      "col": 24,
      "row": 14,
    },
    {
      "col": 25,
      "row": 14,
    },
    null,
    null,
    null,
    null,
  ],
  [
    null,
    null,
    {
      "col": 2,
      "row": 14,
    },
    null,
    {
      "col": 4,
      "row": 14,
    },
    null,
    null,
    null,
    null,
    null,
    null,
    null,
    {
      "col": 12,
      "row": 14,
    },
    null,
    {
      "col": 14,
      "row": 16,
    },
    null,
    {
      "col": 16,
      "row": 14,
    },
    null,
    null,
    null,
    {
      "col": 20,
      "row": 14,
    },
    null,
    null,
    null,
    {
      "col": 24,
      "row": 14,
    },
    null,
    {
      "col": 26,
      "row": 14,
    },
    null,
    null,
    null,
    null,
  ],
  [
    {
      "col": 1,
      "row": 16,
    },
    {
      "col": 2,
      "row": 16,
    },
    {
      "col": 2,
      "row": 15,
    },
    null,
    {
      "col": 4,
      "row": 15,
    },
    {
      "col": 4,
      "row": 16,
    },
    {
      "col": 5,
      "row": 16,
    },
    {
      "col": 6,
      "row": 16,
    },
    {
      "col": 7,
      "row": 16,
    },
    null,
    {
      "col": 11,
      "row": 16,
    },
    {
      "col": 12,
      "row": 16,
    },
    {
      "col": 12,
      "row": 15,
    },
    {
      "col": 12,
      "row": 16,
    },
    {
      "col": 13,
      "row": 16,
    },
    null,
    {
      "col": 16,
      "row": 15,
    },
    null,
    {
      "col": 19,
      "row": 16,
    },
    {
      "col": 20,
      "row": 16,
    },
    {
      "col": 20,
      "row": 15,
    },
    {
      "col": 20,
      "row": 16,
    },
    {
      "col": 21,
      "row": 16,
    },
    null,
    {
      "col": 24,
      "row": 15,
    },
    null,
    {
      "col": 26,
      "row": 15,
    },
    null,
    null,
    null,
    null,
  ],
  [
    null,
    null,
    {
      "col": 2,
      "row": 16,
    },
    null,
    null,
    null,
    {
      "col": 6,
      "row": 16,
    },
    null,
    null,
    null,
    null,
    null,
    {
      "col": 12,
      "row": 16,
    },
    null,
    {
      "col": 14,
      "row": 16,
    },
    null,
    null,
    null,
    null,
    null,
    null,
    null,
    {
      "col": 22,
      "row": 16,
    },
    null,
    null,
    null,
    {
      "col": 26,
      "row": 16,
    },
    null,
    null,
    null,
    null,
  ],
  [
    {
      "col": 1,
      "row": 18,
    },
    {
      "col": 2,
      "row": 18,
    },
    {
      "col": 2,
      "row": 17,
    },
    {
      "col": 2,
      "row": 18,
    },
    {
      "col": 3,
      "row": 18,
    },
    null,
    {
      "col": 6,
      "row": 17,
    },
    {
      "col": 6,
      "row": 18,
    },
    {
      "col": 7,
      "row": 18,
    },
    {
      "col": 8,
      "row": 18,
    },
    {
      "col": 9,
      "row": 18,
    },
    null,
    {
      "col": 12,
      "row": 17,
    },
    null,
    {
      "col": 14,
      "row": 17,
    },
    {
      "col": 14,
      "row": 18,
    },
    {
      "col": 15,
      "row": 18,
    },
    {
      "col": 16,
      "row": 18,
    },
    {
      "col": 17,
      "row": 18,
    },
    {
      "col": 18,
      "row": 18,
    },
    {
      "col": 19,
      "row": 18,
    },
    null,
    {
      "col": 22,
      "row": 17,
    },
    {
      "col": 22,
      "row": 18,
    },
    {
      "col": 23,
      "row": 18,
    },
    null,
    {
      "col": 26,
      "row": 17,
    },
    {
      "col": 26,
      "row": 18,
    },
    {
      "col": 27,
      "row": 18,
    },
    null,
    null,
  ],
  [
    {
      "col": 0,
      "row": 18,
    },
    null,
    null,
    null,
    {
      "col": 4,
      "row": 18,
    },
    null,
    null,
    null,
    null,
    null,
    null,
    null,
    null,
    null,
    null,
    null,
    {
      "col": 16,
      "row": 18,
    },
    null,
    null,
    null,
    null,
    null,
    {
      "col": 22,
      "row": 18,
    },
    null,
    null,
    null,
    {
      "col": 26,
      "row": 18,
    },
    null,
    {
      "col": 28,
      "row": 18,
    },
    null,
    null,
  ],
  [
    {
      "col": 0,
      "row": 19,
    },
    null,
    {
      "col": 2,
      "row": 21,
    },
    null,
    {
      "col": 4,
      "row": 19,
    },
    {
      "col": 4,
      "row": 20,
    },
    {
      "col": 5,
      "row": 20,
    },
    null,
    {
      "col": 8,
      "row": 21,
    },
    {
      "col": 8,
      "row": 20,
    },
    {
      "col": 9,
      "row": 20,
    },
    null,
    {
      "col": 12,
      "row": 21,
    },
    null,
    {
      "col": 15,
      "row": 20,
    },
    {
      "col": 16,
      "row": 20,
    },
    {
      "col": 16,
      "row": 19,
    },
    {
      "col": 16,
      "row": 20,
    },
    {
      "col": 17,
      "row": 20,
    },
    null,
    {
      "col": 21,
      "row": 20,
    },
    {
      "col": 22,
      "row": 20,
    },
    {
      "col": 22,
      "row": 19,
    },
    {
      "col": 22,
      "row": 20,
    },
    {
      "col": 23,
      "row": 20,
    },
    null,
    {
      "col": 26,
      "row": 19,
    },
    null,
    {
      "col": 28,
      "row": 19,
    },
    null,
    null,
  ],
  [
    {
      "col": 0,
      "row": 20,
    },
    null,
    {
      "col": 2,
      "row": 22,
    },
    null,
    null,
    null,
    {
      "col": 6,
      "row": 20,
    },
    null,
    {
      "col": 8,
      "row": 22,
    },
    null,
    null,
    null,
    {
      "col": 12,
      "row": 22,
    },
    null,
    null,
    null,
    {
      "col": 16,
      "row": 20,
    },
    null,
    null,
    null,
    {
      "col": 20,
      "row": 20,
    },
    null,
    {
      "col": 22,
      "row": 20,
    },
    null,
    {
      "col": 24,
      "row": 20,
    },
    null,
    null,
    null,
    {
      "col": 28,
      "row": 20,
    },
    null,
    null,
  ],
  [
    {
      "col": 0,
      "row": 21,
    },
    null,
    {
      "col": 2,
      "row": 23,
    },
    null,
    {
      "col": 5,
      "row": 22,
    },
    {
      "col": 6,
      "row": 22,
    },
    {
      "col": 6,
      "row": 21,
    },
    {
      "col": 6,
      "row": 22,
    },
    {
      "col": 7,
      "row": 22,
    },
    {
      "col": 8,
      "row": 22,
    },
    {
      "col": 9,
      "row": 22,
    },
    {
      "col": 10,
      "row": 22,
    },
    {
      "col": 11,
      "row": 22,
    },
    {
      "col": 12,
      "row": 22,
    },
    {
      "col": 13,
      "row": 22,
    },
    null,
    {
      "col": 16,
      "row": 21,
    },
    {
      "col": 16,
      "row": 22,
    },
    {
      "col": 17,
      "row": 22,
    },
    null,
    {
      "col": 20,
      "row": 21,
    },
    null,
    {
      "col": 22,
      "row": 21,
    },
    null,
    {
      "col": 24,
      "row": 21,
    },
    null,
    null,
    null,
    {
      "col": 28,
      "row": 21,
    },
    null,
    null,
  ],
  [
    {
      "col": 0,
      "row": 22,
    },
    null,
    {
      "col": 2,
      "row": 24,
    },
    null,
    {
      "col": 4,
      "row": 22,
    },
    null,
    null,
    null,
    null,
    null,
    null,
    null,
    {
      "col": 12,
      "row": 22,
    },
    null,
    null,
    null,
    {
      "col": 16,
      "row": 22,
    },
    null,
    null,
    null,
    null,
    null,
    {
      "col": 22,
      "row": 22,
    },
    null,
    {
      "col": 24,
      "row": 22,
    },
    null,
    null,
    null,
    {
      "col": 28,
      "row": 22,
    },
    null,
    null,
  ],
  [
    {
      "col": 0,
      "row": 23,
    },
    null,
    {
      "col": 3,
      "row": 24,
    },
    {
      "col": 4,
      "row": 24,
    },
    {
      "col": 4,
      "row": 23,
    },
    {
      "col": 4,
      "row": 24,
    },
    {
      "col": 5,
      "row": 24,
    },
    {
      "col": 6,
      "row": 24,
    },
    {
      "col": 7,
      "row": 24,
    },
    {
      "col": 8,
      "row": 24,
    },
    {
      "col": 9,
      "row": 24,
    },
    null,
    {
      "col": 12,
      "row": 23,
    },
    null,
    {
      "col": 15,
      "row": 24,
    },
    {
      "col": 16,
      "row": 24,
    },
    {
      "col": 16,
      "row": 23,
    },
    {
      "col": 16,
      "row": 24,
    },
    {
      "col": 17,
      "row": 24,
    },
    {
      "col": 18,
      "row": 24,
    },
    {
      "col": 19,
      "row": 24,
    },
    null,
    {
      "col": 22,
      "row": 23,
    },
    null,
    {
      "col": 24,
      "row": 23,
    },
    null,
    null,
    null,
    {
      "col": 28,
      "row": 23,
    },
    null,
    null,
  ],
  [
    {
      "col": 0,
      "row": 24,
    },
    null,
    {
      "col": 2,
      "row": 24,
    },
    null,
    {
      "col": 4,
      "row": 24,
    },
    null,
    null,
    null,
    null,
    null,
    {
      "col": 10,
      "row": 24,
    },
    null,
    null,
    null,
    null,
    null,
    null,
    null,
    null,
    null,
    null,
    null,
    null,
    null,
    null,
    null,
    null,
    null,
    {
      "col": 28,
      "row": 24,
    },
    null,
    null,
  ],
  [
    {
      "col": 0,
      "row": 25,
    },
    null,
    {
      "col": 2,
      "row": 25,
    },
    null,
    {
      "col": 4,
      "row": 25,
    },
    {
      "col": 4,
      "row": 26,
    },
    {
      "col": 5,
      "row": 26,
    },
    {
      "col": 6,
      "row": 26,
    },
    {
      "col": 7,
      "row": 26,
    },
    null,
    {
      "col": 10,
      "row": 25,
    },
    {
      "col": 10,
      "row": 26,
    },
    {
      "col": 11,
      "row": 26,
    },
    {
      "col": 12,
      "row": 26,
    },
    {
      "col": 13,
      "row": 26,
    },
    {
      "col": 14,
      "row": 26,
    },
    {
      "col": 15,
      "row": 26,
    },
    {
      "col": 16,
      "row": 26,
    },
    {
      "col": 17,
      "row": 26,
    },
    {
      "col": 18,
      "row": 26,
    },
    {
      "col": 19,
      "row": 26,
    },
    null,
    null,
    null,
    null,
    null,
    null,
    null,
    {
      "col": 28,
      "row": 25,
    },
    {
      "col": 28,
      "row": 26,
    },
    {
      "col": 29,
      "row": 26,
    },
  ],
]
`;

exports[`BFS algorithm > should solve the maze 5`] = `
[
  [
    1,
    4,
    4,
    3,
    0,
    3,
    0,
    0,
    0,
    3,
    0,
    0,
    0,
    3,
    0,
    0,
    0,
    0,
    0,
    0,
    0,
    0,
    0,
    0,
    0,
    3,
    0,
    0,
    0,
    0,
    0,
  ],
  [
    0,
    3,
    4,
    3,
    0,
    3,
    0,
    3,
    3,
    3,
    0,
    3,
    3,
    3,
    0,
    3,
    3,
    3,
    3,
    3,
    3,
    3,
    3,
    3,
    3,
    3,
    3,
    3,
    0,
    3,
    3,
  ],
  [
    0,
    3,
    4,
    4,
    4,
    4,
    4,
    4,
    4,
    4,
    4,
    4,
    4,
    3,
    0,
    3,
    0,
    3,
    0,
    0,
    0,
    0,
    0,
    0,
    0,
    0,
    0,
    0,
    0,
    3,
    0,
  ],
  [
    3,
    3,
    0,
    3,
    0,
    3,
    0,
    3,
    4,
    3,
    3,
    3,
    3,
    3,
    0,
    3,
    0,
    3,
    0,
    3,
    3,
    3,
    3,
    3,
    3,
    3,
    3,
    3,
    3,
    3,
    0,
  ],
  [
    0,
    0,
    0,
    3,
    0,
    3,
    0,
    3,
    4,
    4,
    4,
    4,
    4,
    4,
    4,
    4,
    4,
    3,
    0,
    0,
    0,
    0,
    0,
    3,
    0,
    3,
    0,
    3,
    0,
    0,
    0,
  ],
  [
    3,
    3,
    0,
    3,
    3,
    3,
    0,
    3,
    0,
    3,
    3,
    3,
    4,
    3,
    4,
    3,
    4,
    3,
    0,
    3,
    3,
    3,
    3,
    3,
    0,
    3,
    0,
    3,
    3,
    3,
    0,
  ],
  [
    0,
    0,
    0,
    3,
    0,
    0,
    0,
    3,
    0,
    0,
    0,
    3,
    4,
    3,
    4,
    3,
    4,
    4,
    4,
    4,
    4,
    3,
    0,
    0,
    0,
    0,
    0,
    0,
    0,
    0,
    0,
  ],
  [
    3,
    3,
    3,
    3,
    0,
    3,
    3,
    3,
    0,
    3,
    3,
    3,
    4,
    3,
    3,
    3,
    4,
    3,
    3,
    3,
    3,
    3,
    0,
    3,
    3,
    3,
    3,
    3,
    0,
    3,
    3,
  ],
  [
    0,
    3,
    0,
    0,
    0,
    0,
    0,
    3,
    0,
    3,
    0,
    0,
    4,
    4,
    4,
    3,
    4,
    4,
    4,
    4,
    4,
    4,
    4,
    3,
    0,
    3,
    0,
    3,
    0,
    0,
    0,
  ],
  [
    0,
    3,
    3,
    3,
    0,
    3,
    0,
    3,
    0,
    3,
    0,
    3,
    0,
    3,
    4,
    3,
    3,
    3,
    3,
    3,
    3,
    3,
    3,
    3,
    0,
    3,
    0,
    3,
    0,
    3,
    0,
  ],
  [
    0,
    0,
    0,
    0,
    0,
    3,
    0,
    3,
    0,
    3,
    0,
    3,
    0,
    3,
    4,
    4,
    4,
    4,
    4,
    4,
    4,
    4,
    4,
    4,
    4,
    3,
    0,
    3,
    0,
    3,
    0,
  ],
  [
    0,
    3,
    0,
    3,
    0,
    3,
    3,
    3,
    3,
    3,
    3,
    3,
    3,
    3,
    0,
    3,
    3,
    3,
    3,
    3,
    4,
    3,
    3,
    3,
    3,
    3,
    0,
    3,
    3,
    3,
    3,
  ],
  [
    0,
    3,
    0,
    3,
    0,
    0,
    0,
    0,
    0,
    0,
    0,
    3,
    0,
    3,
    0,
    0,
    0,
    3,
    0,
    0,
    4,
    4,
    4,
    4,
    4,
    4,
    4,
    4,
    4,
    4,
    4,
  ],
  [
    3,
    3,
    0,
    3,
    0,
    3,
    3,
    3,
    0,
    3,
    3,
    3,
    0,
    3,
    3,
    3,
    3,
    3,
    3,
    3,
    0,
    3,
    4,
    3,
    3,
    3,
    3,
    3,
    3,
    3,
    3,
  ],
  [
    0,
    0,
    0,
    3,
    0,
    0,
    0,
    3,
    0,
    0,
    0,
    0,
    0,
    3,
    0,
    0,
    0,
    3,
    0,
    0,
    0,
    3,
    4,
    4,
    4,
    4,
    4,
    4,
    4,
    4,
    4,
  ],
  [
    3,
    3,
    0,
    3,
    0,
    3,
    3,
    3,
    3,
    3,
    3,
    3,
    0,
    3,
    0,
    3,
    0,
    3,
    3,
    3,
    0,
    3,
    3,
    3,
    0,
    3,
    4,
    3,
    3,
    3,
    3,
  ],
  [
    0,
    0,
    0,
    3,
    0,
    0,
    0,
    0,
    0,
    3,
    0,
    0,
    0,
    0,
    0,
    3,
    0,
    3,
    0,
    0,
    0,
    0,
    0,
    3,
    0,
    3,
    4,
    4,
    4,
    4,
    4,
  ],
  [
    3,
    3,
    0,
    3,
    3,
    3,
    0,
    3,
    3,
    3,
    3,
    3,
    0,
    3,
    0,
    3,
    3,
    3,
    3,
    3,
    3,
    3,
    0,
    3,
    3,
    3,
    4,
    3,
    3,
    3,
    3,
  ],
  [
    0,
    0,
    0,
    0,
    0,
    3,
    0,
    0,
    0,
    0,
    0,
    3,
    0,
    3,
    0,
    0,
    0,
    0,
    0,
    0,
    0,
    3,
    0,
    0,
    0,
    3,
    4,
    4,
    4,
    4,
    4,
  ],
  [
    0,
    3,
    3,
    3,
    0,
    3,
    3,
    3,
    3,
    3,
    3,
    3,
    3,
    3,
    3,
    3,
    0,
    3,
    3,
    3,
    3,
    3,
    0,
    3,
    3,
    3,
    0,
    3,
    4,
    3,
    3,
  ],
  [
    0,
    3,
    0,
    3,
    0,
    0,
    0,
    3,
    0,
    0,
    0,
    3,
    0,
    3,
    0,
    0,
    0,
    0,
    0,
    3,
    0,
    0,
    0,
    0,
    0,
    3,
    0,
    3,
    4,
    4,
    4,
  ],
  [
    0,
    3,
    0,
    3,
    3,
    3,
    0,
    3,
    0,
    3,
    3,
    3,
    0,
    3,
    3,
    3,
    0,
    3,
    3,
    3,
    0,
    3,
    0,
    3,
    0,
    3,
    3,
    3,
    4,
    3,
    3,
  ],
  [
    0,
    3,
    0,
    3,
    0,
    0,
    0,
    0,
    0,
    0,
    0,
    0,
    0,
    0,
    0,
    3,
    0,
    0,
    0,
    3,
    0,
    3,
    0,
    3,
    0,
    3,
    0,
    0,
    4,
    4,
    4,
  ],
  [
    0,
    3,
    0,
    3,
    0,
    3,
    3,
    3,
    3,
    3,
    3,
    3,
    0,
    3,
    3,
    3,
    0,
    3,
    3,
    3,
    3,
    3,
    0,
    3,
    0,
    3,
    0,
    3,
    4,
    3,
    3,
  ],
  [
    0,
    3,
    0,
    0,
    0,
    0,
    0,
    0,
    0,
    0,
    0,
    3,
    0,
    3,
    0,
    0,
    0,
    0,
    0,
    0,
    0,
    3,
    0,
    3,
    0,
    3,
    0,
    3,
    4,
    4,
    4,
  ],
  [
    0,
    3,
    0,
    3,
    0,
    3,
    3,
    3,
    3,
    3,
    0,
    3,
    3,
    3,
    3,
    3,
    3,
    3,
    3,
    3,
    3,
    3,
    3,
    3,
    3,
    3,
    3,
    3,
    4,
    3,
    3,
  ],
  [
    0,
    3,
    0,
    3,
    0,
    0,
    0,
    0,
    0,
    3,
    0,
    0,
    0,
    0,
    0,
    0,
    0,
    0,
    0,
    0,
    0,
    3,
    0,
    0,
    0,
    0,
    0,
    0,
    4,
    4,
    2,
  ],
]
`;

exports[`BFS algorithm > should solve the maze 6`] = `
[
  [
    null,
    {
      "col": 0,
      "row": 0,
    },
    {
      "col": 1,
      "row": 0,
    },
    null,
    null,
    null,
    null,
    null,
    null,
    null,
    null,
    null,
    null,
    null,
    null,
    null,
    null,
    null,
    null,
    null,
    null,
    null,
    null,
    null,
    null,
    null,
    null,
    null,
    null,
    null,
    null,
  ],
  [
    {
      "col": 0,
      "row": 0,
    },
    null,
    {
      "col": 2,
      "row": 0,
    },
    null,
    {
      "col": 4,
      "row": 2,
    },
    null,
    {
      "col": 6,
      "row": 2,
    },
    null,
    null,
    null,
    {
      "col": 10,
      "row": 2,
    },
    null,
    null,
    null,
    null,
    null,
    null,
    null,
    null,
    null,
    null,
    null,
    null,
    null,
    null,
    null,
    null,
    null,
    null,
    null,
    null,
  ],
  [
    null,
    null,
    {
      "col": 2,
      "row": 1,
    },
    {
      "col": 2,
      "row": 2,
    },
    {
      "col": 3,
      "row": 2,
    },
    {
      "col": 4,
      "row": 2,
    },
    {
      "col": 5,
      "row": 2,
    },
    {
      "col": 6,
      "row": 2,
    },
    {
      "col": 7,
      "row": 2,
    },
    {
      "col": 8,
      "row": 2,
    },
    {
      "col": 9,
      "row": 2,
    },
    {
      "col": 10,
      "row": 2,
    },
    {
      "col": 11,
      "row": 2,
    },
    null,
    null,
    null,
    null,
    null,
    null,
    null,
    null,
    null,
    null,
    null,
    null,
    null,
    null,
    null,
    null,
    null,
    null,
  ],
  [
    null,
    null,
    {
      "col": 2,
      "row": 2,
    },
    null,
    {
      "col": 4,
      "row": 2,
    },
    null,
    {
      "col": 6,
      "row": 2,
    },
    null,
    {
      "col": 8,
      "row": 2,
    },
    null,
    null,
    null,
    null,
    null,
    {
      "col": 14,
      "row": 4,
    },
    null,
    {
      "col": 16,
      "row": 4,
    },
    null,
    null,
    null,
    null,
    null,
    null,
    null,
    null,
    null,
    null,
    null,
    null,
    null,
    null,
  ],
  [
    null,
    null,
    null,
    null,
    null,
    null,
    null,
    null,
    {
      "col": 8,
      "row": 3,
    },
    {
      "col": 8,
      "row": 4,
    },
    {
      "col": 9,
      "row": 4,
    },
    {
      "col": 10,
      "row": 4,
    },
    {
      "col": 11,
      "row": 4,
    },
    {
      "col": 12,
      "row": 4,
    },
    {
      "col": 13,
      "row": 4,
    },
    {
      "col": 14,
      "row": 4,
    },
    {
      "col": 15,
      "row": 4,
    },
    null,
    null,
    null,
    null,
    null,
    null,
    null,
    null,
    null,
    null,
    null,
    null,
    null,
    null,
  ],
  [
    null,
    null,
    null,
    null,
    null,
    null,
    null,
    null,
    {
      "col": 8,
      "row": 4,
    },
    null,
    null,
    null,
    {
      "col": 12,
      "row": 4,
    },
    null,
    {
      "col": 14,
      "row": 4,
    },
    null,
    {
      "col": 16,
      "row": 4,
    },
    null,
    {
      "col": 18,
      "row": 6,
    },
    null,
    null,
    null,
    null,
    null,
    null,
    null,
    null,
    null,
    null,
    null,
    null,
  ],
  [
    null,
    null,
    null,
    null,
    null,
    null,
    null,
    null,
    null,
    null,
    null,
    null,
    {
      "col": 12,
      "row": 5,
    },
    null,
    {
      "col": 14,
      "row": 5,
    },
    null,
    {
      "col": 16,
      "row": 5,
    },
    {
      "col": 16,
      "row": 6,
    },
    {
      "col": 17,
      "row": 6,
    },
    {
      "col": 18,
      "row": 6,
    },
    {
      "col": 19,
      "row": 6,
    },
    null,
    null,
    null,
    null,
    null,
    null,
    null,
    null,
    null,
    null,
  ],
  [
    null,
    null,
    null,
    null,
    null,
    null,
    null,
    null,
    null,
    null,
    null,
    null,
    {
      "col": 12,
      "row": 6,
    },
    null,
    null,
    null,
    {
      "col": 16,
      "row": 6,
    },
    null,
    null,
    null,
    null,
    null,
    {
      "col": 22,
      "row": 8,
    },
    null,
    null,
    null,
    null,
    null,
    null,
    null,
    null,
  ],
  [
    null,
    null,
    null,
    null,
    null,
    null,
    null,
    null,
    null,
    null,
    null,
    {
      "col": 12,
      "row": 8,
    },
    {
      "col": 12,
      "row": 7,
    },
    {
      "col": 12,
      "row": 8,
    },
    {
      "col": 13,
      "row": 8,
    },
    null,
    {
      "col": 16,
      "row": 7,
    },
    {
      "col": 16,
      "row": 8,
    },
    {
      "col": 17,
      "row": 8,
    },
    {
      "col": 18,
      "row": 8,
    },
    {
      "col": 19,
      "row": 8,
    },
    {
      "col": 20,
      "row": 8,
    },
    {
      "col": 21,
      "row": 8,
    },
    null,
    null,
    null,
    null,
    null,
    null,
    null,
    null,
  ],
  [
    null,
    null,
    null,
    null,
    null,
    null,
    null,
    null,
    null,
    null,
    null,
    null,
    {
      "col": 12,
      "row": 8,
    },
    null,
    {
      "col": 14,
      "row": 8,
    },
    null,
    null,
    null,
    null,
    null,
    null,
    null,
    null,
    null,
    {
      "col": 24,
      "row": 10,
    },
    null,
    null,
    null,
    null,
    null,
    null,
  ],
  [
    null,
    null,
    null,
    null,
    null,
    null,
    null,
    null,
    null,
    null,
    null,
    null,
    null,
    null,
    {
      "col": 14,
      "row": 9,
    },
    {
      "col": 14,
      "row": 10,
    },
    {
      "col": 15,
      "row": 10,
    },
    {
      "col": 16,
      "row": 10,
    },
    {
      "col": 17,
      "row": 10,
    },
    {
      "col": 18,
      "row": 10,
    },
    {
      "col": 19,
      "row": 10,
    },
    {
      "col": 20,
      "row": 10,
    },
    {
      "col": 21,
      "row": 10,
    },
    {
      "col": 22,
      "row": 10,
    },
    {
      "col": 23,
      "row": 10,
    },
    null,
    null,
    null,
    null,
    null,
    null,
  ],
  [
    null,
    null,
    null,
    null,
    null,
    null,
    null,
    null,
    null,
    null,
    null,
    null,
    null,
    null,
    {
      "col": 14,
      "row": 10,
    },
    null,
    null,
    null,
    null,
    null,
    {
      "col": 20,
      "row": 10,
    },
    null,
    null,
    null,
    null,
    null,
    {
      "col": 26,
      "row": 12,
    },
    null,
    null,
    null,
    null,
  ],
  [
    null,
    null,
    null,
    null,
    null,
    null,
    null,
    null,
    null,
    null,
    null,
    null,
    null,
    null,
    null,
    null,
    null,
    null,
    null,
    {
      "col": 20,
      "row": 12,
    },
    {
      "col": 20,
      "row": 11,
    },
    {
      "col": 20,
      "row": 12,
    },
    {
      "col": 21,
      "row": 12,
    },
    {
      "col": 22,
      "row": 12,
    },
    {
      "col": 23,
      "row": 12,
    },
    {
      "col": 24,
      "row": 12,
    },
    {
      "col": 25,
      "row": 12,
    },
    {
      "col": 26,
      "row": 12,
    },
    {
      "col": 27,
      "row": 12,
    },
    {
      "col": 28,
      "row": 12,
    },
    {
      "col": 29,
      "row": 12,
    },
  ],
  [
    null,
    null,
    null,
    null,
    null,
    null,
    null,
    null,
    null,
    null,
    null,
    null,
    null,
    null,
    null,
    null,
    null,
    null,
    null,
    null,
    {
      "col": 20,
      "row": 12,
    },
    null,
    {
      "col": 22,
      "row": 12,
    },
    null,
    null,
    null,
    null,
    null,
    null,
    null,
    null,
  ],
  [
    null,
    null,
    null,
    null,
    null,
    null,
    null,
    null,
    null,
    null,
    null,
    null,
    null,
    null,
    null,
    null,
    null,
    null,
    null,
    null,
    null,
    null,
    {
      "col": 22,
      "row": 13,
    },
    {
      "col": 22,
      "row": 14,
    },
    {
      "col": 23,
      "row": 14,
    },
    {
      "col": 24,
      "row": 14,
    },
    {
      "col": 25,
      "row": 14,
    },
    {
      "col": 26,
      "row": 14,
    },
    {
      "col": 27,
      "row": 14,
    },
    {
      "col": 28,
      "row": 14,
    },
    {
      "col": 29,
      "row": 14,
    },
  ],
  [
    null,
    null,
    null,
    null,
    null,
    null,
    null,
    null,
    null,
    null,
    null,
    null,
    null,
    null,
    null,
    null,
    null,
    null,
    null,
    null,
    null,
    null,
    null,
    null,
    {
      "col": 24,
      "row": 14,
    },
    null,
    {
      "col": 26,
      "row": 14,
    },
    null,
    null,
    null,
    null,
  ],
  [
    null,
    null,
    null,
    null,
    null,
    null,
    null,
    null,
    null,
    null,
    null,
    null,
    null,
    null,
    null,
    null,
    null,
    null,
    null,
    null,
    null,
    null,
    null,
    null,
    null,
    null,
    {
      "col": 26,
      "row": 15,
    },
    {
      "col": 26,
      "row": 16,
    },
    {
      "col": 27,
      "row": 16,
    },
    {
      "col": 28,
      "row": 16,
    },
    {
      "col": 29,
      "row": 16,
    },
  ],
  [
    null,
    null,
    null,
    null,
    null,
    null,
    null,
    null,
    null,
    null,
    null,
    null,
    null,
    null,
    null,
    null,
    null,
    null,
    null,
    null,
    null,
    null,
    null,
    null,
    null,
    null,
    {
      "col": 26,
      "row": 16,
    },
    null,
    null,
    null,
    null,
  ],
  [
    null,
    null,
    null,
    null,
    null,
    null,
    null,
    null,
    null,
    null,
    null,
    null,
    null,
    null,
    null,
    null,
    null,
    null,
    null,
    null,
    null,
    null,
    null,
    null,
    null,
    null,
    {
      "col": 26,
      "row": 17,
    },
    {
      "col": 26,
      "row": 18,
    },
    {
      "col": 27,
      "row": 18,
    },
    {
      "col": 28,
      "row": 18,
    },
    {
      "col": 29,
      "row": 18,
    },
  ],
  [
    null,
    null,
    null,
    null,
    null,
    null,
    null,
    null,
    null,
    null,
    null,
    null,
    null,
    null,
    null,
    null,
    null,
    null,
    null,
    null,
    null,
    null,
    null,
    null,
    null,
    null,
    {
      "col": 26,
      "row": 18,
    },
    null,
    {
      "col": 28,
      "row": 18,
    },
    null,
    null,
  ],
  [
    null,
    null,
    null,
    null,
    null,
    null,
    null,
    null,
    null,
    null,
    null,
    null,
    null,
    null,
    null,
    null,
    null,
    null,
    null,
    null,
    null,
    null,
    null,
    null,
    null,
    null,
    null,
    null,
    {
      "col": 28,
      "row": 19,
    },
    {
      "col": 28,
      "row": 20,
    },
    {
      "col": 29,
      "row": 20,
    },
  ],
  [
    null,
    null,
    null,
    null,
    null,
    null,
    null,
    null,
    null,
    null,
    null,
    null,
    null,
    null,
    null,
    null,
    null,
    null,
    null,
    null,
    null,
    null,
    null,
    null,
    null,
    null,
    null,
    null,
    {
      "col": 28,
      "row": 20,
    },
    null,
    null,
  ],
  [
    null,
    null,
    null,
    null,
    null,
    null,
    null,
    null,
    null,
    null,
    null,
    null,
    null,
    null,
    null,
    null,
    null,
    null,
    null,
    null,
    null,
    null,
    null,
    null,
    null,
    null,
    null,
    {
      "col": 28,
      "row": 22,
    },
    {
      "col": 28,
      "row": 21,
    },
    {
      "col": 28,
      "row": 22,
    },
    {
      "col": 29,
      "row": 22,
    },
  ],
  [
    null,
    null,
    null,
    null,
    null,
    null,
    null,
    null,
    null,
    null,
    null,
    null,
    null,
    null,
    null,
    null,
    null,
    null,
    null,
    null,
    null,
    null,
    null,
    null,
    null,
    null,
    null,
    null,
    {
      "col": 28,
      "row": 22,
    },
    null,
    null,
  ],
  [
    null,
    null,
    null,
    null,
    null,
    null,
    null,
    null,
    null,
    null,
    null,
    null,
    null,
    null,
    null,
    null,
    null,
    null,
    null,
    null,
    null,
    null,
    null,
    null,
    null,
    null,
    null,
    null,
    {
      "col": 28,
      "row": 23,
    },
    {
      "col": 28,
      "row": 24,
    },
    {
      "col": 29,
      "row": 24,
    },
  ],
  [
    null,
    null,
    null,
    null,
    null,
    null,
    null,
    null,
    null,
    null,
    null,
    null,
    null,
    null,
    null,
    null,
    null,
    null,
    null,
    null,
    null,
    null,
    null,
    null,
    null,
    null,
    null,
    null,
    {
      "col": 28,
      "row": 24,
    },
    null,
    null,
  ],
  [
    null,
    null,
    null,
    null,
    null,
    null,
    null,
    null,
    null,
    null,
    null,
    null,
    null,
    null,
    null,
    null,
    null,
    null,
    null,
    null,
    null,
    null,
    null,
    null,
    null,
    null,
    null,
    {
      "col": 28,
      "row": 26,
    },
    {
      "col": 28,
      "row": 25,
    },
    {
      "col": 28,
      "row": 26,
    },
    {
      "col": 29,
      "row": 26,
    },
  ],
]
`;

exports[`BFS algorithm > should solve the maze 7`] = `
[
  [
    1,
    4,
    4,
    3,
    0,
    3,
    0,
    0,
    0,
    3,
    0,
    0,
    0,
    3,
    0,
    0,
    0,
    0,
    0,
    0,
    0,
    0,
    0,
    0,
    0,
    3,
    4,
    4,
    4,
    4,
    4,
  ],
  [
    0,
    3,
    4,
    3,
    0,
    3,
    0,
    3,
    3,
    3,
    0,
    3,
    3,
    3,
    0,
    3,
    3,
    3,
    3,
    3,
    3,
    3,
    3,
    3,
    3,
    3,
    3,
    3,
    4,
    3,
    3,
  ],
  [
    0,
    3,
    4,
    4,
    4,
    4,
    4,
    4,
    4,
    4,
    4,
    4,
    4,
    3,
    0,
    3,
    4,
    3,
    4,
    4,
    4,
    4,
    4,
    4,
    4,
    4,
    4,
    4,
    4,
    3,
    4,
  ],
  [
    3,
    3,
    0,
    3,
    0,
    3,
    0,
    3,
    4,
    3,
    3,
    3,
    3,
    3,
    0,
    3,
    4,
    3,
    4,
    3,
    3,
    3,
    3,
    3,
    3,
    3,
    3,
    3,
    3,
    3,
    4,
  ],
  [
    0,
    0,
    0,
    3,
    0,
    3,
    0,
    3,
    4,
    4,
    4,
    4,
    4,
    4,
    4,
    4,
    4,
    3,
    4,
    4,
    4,
    4,
    4,
    3,
    4,
    3,
    4,
    3,
    4,
    4,
    4,
  ],
  [
    3,
    3,
    0,
    3,
    3,
    3,
    0,
    3,
    0,
    3,
    3,
    3,
    4,
    3,
    4,
    3,
    4,
    3,
    4,
    3,
    3,
    3,
    3,
    3,
    4,
    3,
    4,
    3,
    3,
    3,
    4,
  ],
  [
    0,
    0,
    0,
    3,
    0,
    0,
    0,
    3,
    0,
    0,
    0,
    3,
    4,
    3,
    4,
    3,
    4,
    4,
    4,
    4,
    4,
    3,
    4,
    4,
    4,
    4,
    4,
    4,
    4,
    4,
    4,
  ],
  [
    3,
    3,
    3,
    3,
    0,
    3,
    3,
    3,
    0,
    3,
    3,
    3,
    4,
    3,
    3,
    3,
    4,
    3,
    3,
    3,
    3,
    3,
    4,
    3,
    3,
    3,
    3,
    3,
    4,
    3,
    3,
  ],
  [
    0,
    3,
    0,
    0,
    0,
    0,
    0,
    3,
    0,
    3,
    0,
    0,
    4,
    4,
    4,
    3,
    4,
    4,
    4,
    4,
    4,
    4,
    4,
    3,
    4,
    3,
    0,
    3,
    4,
    4,
    4,
  ],
  [
    0,
    3,
    3,
    3,
    0,
    3,
    0,
    3,
    0,
    3,
    0,
    3,
    0,
    3,
    4,
    3,
    3,
    3,
    3,
    3,
    3,
    3,
    3,
    3,
    4,
    3,
    0,
    3,
    4,
    3,
    4,
  ],
  [
    0,
    0,
    0,
    0,
    0,
    3,
    0,
    3,
    0,
    3,
    0,
    3,
    0,
    3,
    4,
    4,
    4,
    4,
    4,
    4,
    4,
    4,
    4,
    4,
    4,
    3,
    4,
    3,
    4,
    3,
    4,
  ],
  [
    0,
    3,
    0,
    3,
    0,
    3,
    3,
    3,
    3,
    3,
    3,
    3,
    3,
    3,
    0,
    3,
    3,
    3,
    3,
    3,
    4,
    3,
    3,
    3,
    3,
    3,
    4,
    3,
    3,
    3,
    3,
  ],
  [
    0,
    3,
    0,
    3,
    0,
    0,
    0,
    0,
    0,
    0,
    0,
    3,
    0,
    3,
    0,
    0,
    0,
    3,
    0,
    0,
    4,
    4,
    4,
    4,
    4,
    4,
    4,
    4,
    4,
    4,
    4,
  ],
  [
    3,
    3,
    0,
    3,
    0,
    3,
    3,
    3,
    0,
    3,
    3,
    3,
    0,
    3,
    3,
    3,
    3,
    3,
    3,
    3,
    0,
    3,
    4,
    3,
    3,
    3,
    3,
    3,
    3,
    3,
    3,
  ],
  [
    0,
    0,
    0,
    3,
    0,
    0,
    0,
    3,
    0,
    0,
    0,
    0,
    0,
    3,
    0,
    0,
    0,
    3,
    0,
    0,
    0,
    3,
    4,
    4,
    4,
    4,
    4,
    4,
    4,
    4,
    4,
  ],
  [
    3,
    3,
    0,
    3,
    0,
    3,
    3,
    3,
    3,
    3,
    3,
    3,
    0,
    3,
    0,
    3,
    0,
    3,
    3,
    3,
    0,
    3,
    3,
    3,
    0,
    3,
    4,
    3,
    3,
    3,
    3,
  ],
  [
    0,
    0,
    0,
    3,
    0,
    0,
    0,
    0,
    0,
    3,
    0,
    0,
    0,
    0,
    0,
    3,
    0,
    3,
    0,
    0,
    0,
    0,
    0,
    3,
    0,
    3,
    4,
    4,
    4,
    4,
    4,
  ],
  [
    3,
    3,
    0,
    3,
    3,
    3,
    0,
    3,
    3,
    3,
    3,
    3,
    0,
    3,
    0,
    3,
    3,
    3,
    3,
    3,
    3,
    3,
    0,
    3,
    3,
    3,
    4,
    3,
    3,
    3,
    3,
  ],
  [
    0,
    0,
    0,
    0,
    0,
    3,
    0,
    0,
    0,
    0,
    0,
    3,
    0,
    3,
    0,
    0,
    0,
    0,
    0,
    0,
    0,
    3,
    0,
    0,
    0,
    3,
    4,
    4,
    4,
    4,
    4,
  ],
  [
    0,
    3,
    3,
    3,
    0,
    3,
    3,
    3,
    3,
    3,
    3,
    3,
    3,
    3,
    3,
    3,
    0,
    3,
    3,
    3,
    3,
    3,
    0,
    3,
    3,
    3,
    0,
    3,
    4,
    3,
    3,
  ],
  [
    0,
    3,
    0,
    3,
    0,
    0,
    0,
    3,
    0,
    0,
    0,
    3,
    0,
    3,
    0,
    0,
    0,
    0,
    0,
    3,
    0,
    0,
    0,
    0,
    0,
    3,
    0,
    3,
    4,
    4,
    4,
  ],
  [
    0,
    3,
    0,
    3,
    3,
    3,
    0,
    3,
    0,
    3,
    3,
    3,
    0,
    3,
    3,
    3,
    0,
    3,
    3,
    3,
    0,
    3,
    0,
    3,
    0,
    3,
    3,
    3,
    4,
    3,
    3,
  ],
  [
    0,
    3,
    0,
    3,
    0,
    0,
    0,
    0,
    0,
    0,
    0,
    0,
    0,
    0,
    0,
    3,
    0,
    0,
    0,
    3,
    0,
    3,
    0,
    3,
    0,
    3,
    0,
    0,
    4,
    4,
    4,
  ],
  [
    0,
    3,
    0,
    3,
    0,
    3,
    3,
    3,
    3,
    3,
    3,
    3,
    0,
    3,
    3,
    3,
    0,
    3,
    3,
    3,
    3,
    3,
    0,
    3,
    0,
    3,
    0,
    3,
    4,
    3,
    3,
  ],
  [
    0,
    3,
    0,
    0,
    0,
    0,
    0,
    0,
    0,
    0,
    0,
    3,
    0,
    3,
    0,
    0,
    0,
    0,
    0,
    0,
    0,
    3,
    0,
    3,
    0,
    3,
    0,
    3,
    4,
    4,
    4,
  ],
  [
    0,
    3,
    0,
    3,
    0,
    3,
    3,
    3,
    3,
    3,
    0,
    3,
    3,
    3,
    3,
    3,
    3,
    3,
    3,
    3,
    3,
    3,
    3,
    3,
    3,
    3,
    3,
    3,
    4,
    3,
    3,
  ],
  [
    0,
    3,
    0,
    3,
    0,
    0,
    0,
    0,
    0,
    3,
    0,
    0,
    0,
    0,
    0,
    0,
    0,
    0,
    0,
    0,
    0,
    3,
    0,
    0,
    0,
    0,
    0,
    0,
    4,
    4,
    2,
  ],
]
`;

exports[`BFS algorithm > should solve the maze 8`] = `
[
  [
    null,
    {
      "col": 0,
      "row": 0,
    },
    {
      "col": 1,
      "row": 0,
    },
    null,
    null,
    null,
    null,
    null,
    null,
    null,
    null,
    null,
    null,
    null,
    null,
    null,
    null,
    null,
    null,
    null,
    null,
    null,
    null,
    null,
    null,
    null,
    {
      "col": 27,
      "row": 0,
    },
    {
      "col": 28,
      "row": 0,
    },
    {
      "col": 28,
      "row": 1,
    },
    {
      "col": 28,
      "row": 0,
    },
    {
      "col": 29,
      "row": 0,
    },
  ],
  [
    {
      "col": 0,
      "row": 0,
    },
    null,
    {
      "col": 2,
      "row": 0,
    },
    null,
    {
      "col": 4,
      "row": 2,
    },
    null,
    {
      "col": 6,
      "row": 2,
    },
    null,
    null,
    null,
    {
      "col": 10,
      "row": 2,
    },
    null,
    null,
    null,
    null,
    null,
    null,
    null,
    null,
    null,
    null,
    null,
    null,
    null,
    null,
    null,
    null,
    null,
    {
      "col": 28,
      "row": 2,
    },
    null,
    null,
  ],
  [
    null,
    null,
    {
      "col": 2,
      "row": 1,
    },
    {
      "col": 2,
      "row": 2,
    },
    {
      "col": 3,
      "row": 2,
    },
    {
      "col": 4,
      "row": 2,
    },
    {
      "col": 5,
      "row": 2,
    },
    {
      "col": 6,
      "row": 2,
    },
    {
      "col": 7,
      "row": 2,
    },
    {
      "col": 8,
      "row": 2,
    },
    {
      "col": 9,
      "row": 2,
    },
    {
      "col": 10,
      "row": 2,
    },
    {
      "col": 11,
      "row": 2,
    },
    null,
    null,
    null,
    {
      "col": 16,
      "row": 3,
    },
    null,
    {
      "col": 18,
      "row": 3,
    },
    {
      "col": 18,
      "row": 2,
    },
    {
      "col": 19,
      "row": 2,
    },
    {
      "col": 20,
      "row": 2,
    },
    {
      "col": 21,
      "row": 2,
    },
    {
      "col": 22,
      "row": 2,
    },
    {
      "col": 23,
      "row": 2,
    },
    {
      "col": 24,
      "row": 2,
    },
    {
      "col": 25,
      "row": 2,
    },
    {
      "col": 26,
      "row": 2,
    },
    {
      "col": 27,
      "row": 2,
    },
    null,
    {
      "col": 30,
      "row": 3,
    },
  ],
  [
    null,
    null,
    {
      "col": 2,
      "row": 2,
    },
    null,
    {
      "col": 4,
      "row": 2,
    },
    null,
    {
      "col": 6,
      "row": 2,
    },
    null,
    {
      "col": 8,
      "row": 2,
    },
    null,
    null,
    null,
    null,
    null,
    {
      "col": 14,
      "row": 4,
    },
    null,
    {
      "col": 16,
      "row": 4,
    },
    null,
    {
      "col": 18,
      "row": 4,
    },
    null,
    null,
    null,
    null,
    null,
    null,
    null,
    null,
    null,
    null,
    null,
    {
      "col": 30,
      "row": 4,
    },
  ],
  [
    null,
    null,
    null,
    null,
    null,
    null,
    null,
    null,
    {
      "col": 8,
      "row": 3,
    },
    {
      "col": 8,
      "row": 4,
    },
    {
      "col": 9,
      "row": 4,
    },
    {
      "col": 10,
      "row": 4,
    },
    {
      "col": 11,
      "row": 4,
    },
    {
      "col": 12,
      "row": 4,
    },
    {
      "col": 13,
      "row": 4,
    },
    {
      "col": 14,
      "row": 4,
    },
    {
      "col": 15,
      "row": 4,
    },
    null,
    {
      "col": 18,
      "row": 5,
    },
    {
      "col": 18,
      "row": 4,
    },
    {
      "col": 19,
      "row": 4,
    },
    {
      "col": 20,
      "row": 4,
    },
    {
      "col": 21,
      "row": 4,
    },
    null,
    {
      "col": 24,
      "row": 5,
    },
    null,
    {
      "col": 26,
      "row": 5,
    },
    null,
    {
      "col": 29,
      "row": 4,
    },
    {
      "col": 30,
      "row": 4,
    },
    {
      "col": 30,
      "row": 5,
    },
  ],
  [
    null,
    null,
    null,
    null,
    null,
    null,
    null,
    null,
    {
      "col": 8,
      "row": 4,
    },
    null,
    null,
    null,
    {
      "col": 12,
      "row": 4,
    },
    null,
    {
      "col": 14,
      "row": 4,
    },
    null,
    {
      "col": 16,
      "row": 4,
    },
    null,
    {
      "col": 18,
      "row": 6,
    },
    null,
    null,
    null,
    null,
    null,
    {
      "col": 24,
      "row": 6,
    },
    null,
    {
      "col": 26,
      "row": 6,
    },
    null,
    null,
    null,
    {
      "col": 30,
      "row": 6,
    },
  ],
  [
    null,
    null,
    null,
    null,
    null,
    null,
    null,
    null,
    null,
    null,
    null,
    null,
    {
      "col": 12,
      "row": 5,
    },
    null,
    {
      "col": 14,
      "row": 5,
    },
    null,
    {
      "col": 16,
      "row": 5,
    },
    {
      "col": 16,
      "row": 6,
    },
    {
      "col": 17,
      "row": 6,
    },
    {
      "col": 18,
      "row": 6,
    },
    {
      "col": 19,
      "row": 6,
    },
    null,
    {
      "col": 22,
      "row": 7,
    },
    {
      "col": 22,
      "row": 6,
    },
    {
      "col": 23,
      "row": 6,
    },
    {
      "col": 24,
      "row": 6,
    },
    {
      "col": 25,
      "row": 6,
    },
    {
      "col": 26,
      "row": 6,
    },
    {
      "col": 27,
      "row": 6,
    },
    {
      "col": 28,
      "row": 6,
    },
    {
      "col": 29,
      "row": 6,
    },
  ],
  [
    null,
    null,
    null,
    null,
    null,
    null,
    null,
    null,
    null,
    null,
    null,
    null,
    {
      "col": 12,
      "row": 6,
    },
    null,
    null,
    null,
    {
      "col": 16,
      "row": 6,
    },
    null,
    null,
    null,
    null,
    null,
    {
      "col": 22,
      "row": 8,
    },
    null,
    null,
    null,
    null,
    null,
    {
      "col": 28,
      "row": 6,
    },
    null,
    null,
  ],
  [
    null,
    null,
    null,
    null,
    null,
    null,
    null,
    null,
    null,
    null,
    null,
    {
      "col": 12,
      "row": 8,
    },
    {
      "col": 12,
      "row": 7,
    },
    {
      "col": 12,
      "row": 8,
    },
    {
      "col": 13,
      "row": 8,
    },
    null,
    {
      "col": 16,
      "row": 7,
    },
    {
      "col": 16,
      "row": 8,
    },
    {
      "col": 17,
      "row": 8,
    },
    {
      "col": 18,
      "row": 8,
    },
    {
      "col": 19,
      "row": 8,
    },
    {
      "col": 20,
      "row": 8,
    },
    {
      "col": 21,
      "row": 8,
    },
    null,
    {
      "col": 24,
      "row": 9,
    },
    null,
    null,
    null,
    {
      "col": 28,
      "row": 7,
    },
    {
      "col": 28,
      "row": 8,
    },
    {
      "col": 29,
      "row": 8,
    },
  ],
  [
    null,
    null,
    null,
    null,
    null,
    null,
    null,
    null,
    null,
    null,
    null,
    null,
    {
      "col": 12,
      "row": 8,
    },
    null,
    {
      "col": 14,
      "row": 8,
    },
    null,
    null,
    null,
    null,
    null,
    null,
    null,
    null,
    null,
    {
      "col": 24,
      "row": 10,
    },
    null,
    {
      "col": 26,
      "row": 10,
    },
    null,
    {
      "col": 28,
      "row": 8,
    },
    null,
    {
      "col": 30,
      "row": 8,
    },
  ],
  [
    null,
    null,
    null,
    null,
    null,
    null,
    null,
    null,
    null,
    null,
    null,
    null,
    null,
    null,
    {
      "col": 14,
      "row": 9,
    },
    {
      "col": 14,
      "row": 10,
    },
    {
      "col": 15,
      "row": 10,
    },
    {
      "col": 16,
      "row": 10,
    },
    {
      "col": 17,
      "row": 10,
    },
    {
      "col": 18,
      "row": 10,
    },
    {
      "col": 19,
      "row": 10,
    },
    {
      "col": 20,
      "row": 10,
    },
    {
      "col": 21,
      "row": 10,
    },
    {
      "col": 22,
      "row": 10,
    },
    {
      "col": 23,
      "row": 10,
    },
    null,
    {
      "col": 26,
      "row": 11,
    },
    null,
    {
      "col": 28,
      "row": 9,
    },
    null,
    {
      "col": 30,
      "row": 9,
    },
  ],
  [
    null,
    null,
    null,
    null,
    null,
    null,
    null,
    null,
    null,
    null,
    null,
    null,
    null,
    null,
    {
      "col": 14,
      "row": 10,
    },
    null,
    null,
    null,
    null,
    null,
    {
      "col": 20,
      "row": 10,
    },
    null,
    null,
    null,
    null,
    null,
    {
      "col": 26,
      "row": 12,
    },
    null,
    null,
    null,
    null,
  ],
  [
    null,
    null,
    null,
    null,
    null,
    null,
    null,
    null,
    null,
    null,
    null,
    null,
    null,
    null,
    null,
    null,
    null,
    null,
    null,
    {
      "col": 20,
      "row": 12,
    },
    {
      "col": 20,
      "row": 11,
    },
    {
      "col": 20,
      "row": 12,
    },
    {
      "col": 21,
      "row": 12,
    },
    {
      "col": 22,
      "row": 12,
    },
    {
      "col": 23,
      "row": 12,
    },
    {
      "col": 24,
      "row": 12,
    },
    {
      "col": 25,
      "row": 12,
    },
    {
      "col": 26,
      "row": 12,
    },
    {
      "col": 27,
      "row": 12,
    },
    {
      "col": 28,
      "row": 12,
    },
    {
      "col": 29,
      "row": 12,
    },
  ],
  [
    null,
    null,
    null,
    null,
    null,
    null,
    null,
    null,
    null,
    null,
    null,
    null,
    null,
    null,
    null,
    null,
    null,
    null,
    null,
    null,
    {
      "col": 20,
      "row": 12,
    },
    null,
    {
      "col": 22,
      "row": 12,
    },
    null,
    null,
    null,
    null,
    null,
    null,
    null,
    null,
  ],
  [
    null,
    null,
    null,
    null,
    null,
    null,
    null,
    null,
    null,
    null,
    null,
    null,
    null,
    null,
    null,
    null,
    null,
    null,
    null,
    null,
    null,
    null,
    {
      "col": 22,
      "row": 13,
    },
    {
      "col": 22,
      "row": 14,
    },
    {
      "col": 23,
      "row": 14,
    },
    {
      "col": 24,
      "row": 14,
    },
    {
      "col": 25,
      "row": 14,
    },
    {
      "col": 26,
      "row": 14,
    },
    {
      "col": 27,
      "row": 14,
    },
    {
      "col": 28,
      "row": 14,
    },
    {
      "col": 29,
      "row": 14,
    },
  ],
  [
    null,
    null,
    null,
    null,
    null,
    null,
    null,
    null,
    null,
    null,
    null,
    null,
    null,
    null,
    null,
    null,
    null,
    null,
    null,
    null,
    null,
    null,
    null,
    null,
    {
      "col": 24,
      "row": 14,
    },
    null,
    {
      "col": 26,
      "row": 14,
    },
    null,
    null,
    null,
    null,
  ],
  [
    null,
    null,
    null,
    null,
    null,
    null,
    null,
    null,
    null,
    null,
    null,
    null,
    null,
    null,
    null,
    null,
    null,
    null,
    null,
    null,
    null,
    null,
    null,
    null,
    null,
    null,
    {
      "col": 26,
      "row": 15,
    },
    {
      "col": 26,
      "row": 16,
    },
    {
      "col": 27,
      "row": 16,
    },
    {
      "col": 28,
      "row": 16,
    },
    {
      "col": 29,
      "row": 16,
    },
  ],
  [
    null,
    null,
    null,
    null,
    null,
    null,
    null,
    null,
    null,
    null,
    null,
    null,
    null,
    null,
    null,
    null,
    null,
    null,
    null,
    null,
    null,
    null,
    null,
    null,
    null,
    null,
    {
      "col": 26,
      "row": 16,
    },
    null,
    null,
    null,
    null,
  ],
  [
    null,
    null,
    null,
    null,
    null,
    null,
    null,
    null,
    null,
    null,
    null,
    null,
    null,
    null,
    null,
    null,
    null,
    null,
    null,
    null,
    null,
    null,
    null,
    null,
    null,
    null,
    {
      "col": 26,
      "row": 17,
    },
    {
      "col": 26,
      "row": 18,
    },
    {
      "col": 27,
      "row": 18,
    },
    {
      "col": 28,
      "row": 18,
    },
    {
      "col": 29,
      "row": 18,
    },
  ],
  [
    null,
    null,
    null,
    null,
    null,
    null,
    null,
    null,
    null,
    null,
    null,
    null,
    null,
    null,
    null,
    null,
    null,
    null,
    null,
    null,
    null,
    null,
    null,
    null,
    null,
    null,
    {
      "col": 26,
      "row": 18,
    },
    null,
    {
      "col": 28,
      "row": 18,
    },
    null,
    null,
  ],
  [
    null,
    null,
    null,
    null,
    null,
    null,
    null,
    null,
    null,
    null,
    null,
    null,
    null,
    null,
    null,
    null,
    null,
    null,
    null,
    null,
    null,
    null,
    null,
    null,
    null,
    null,
    null,
    null,
    {
      "col": 28,
      "row": 19,
    },
    {
      "col": 28,
      "row": 20,
    },
    {
      "col": 29,
      "row": 20,
    },
  ],
  [
    null,
    null,
    null,
    null,
    null,
    null,
    null,
    null,
    null,
    null,
    null,
    null,
    null,
    null,
    null,
    null,
    null,
    null,
    null,
    null,
    null,
    null,
    null,
    null,
    null,
    null,
    null,
    null,
    {
      "col": 28,
      "row": 20,
    },
    null,
    null,
  ],
  [
    null,
    null,
    null,
    null,
    null,
    null,
    null,
    null,
    null,
    null,
    null,
    null,
    null,
    null,
    null,
    null,
    null,
    null,
    null,
    null,
    null,
    null,
    null,
    null,
    null,
    null,
    null,
    {
      "col": 28,
      "row": 22,
    },
    {
      "col": 28,
      "row": 21,
    },
    {
      "col": 28,
      "row": 22,
    },
    {
      "col": 29,
      "row": 22,
    },
  ],
  [
    null,
    null,
    null,
    null,
    null,
    null,
    null,
    null,
    null,
    null,
    null,
    null,
    null,
    null,
    null,
    null,
    null,
    null,
    null,
    null,
    null,
    null,
    null,
    null,
    null,
    null,
    null,
    null,
    {
      "col": 28,
      "row": 22,
    },
    null,
    null,
  ],
  [
    null,
    null,
    null,
    null,
    null,
    null,
    null,
    null,
    null,
    null,
    null,
    null,
    null,
    null,
    null,
    null,
    null,
    null,
    null,
    null,
    null,
    null,
    null,
    null,
    null,
    null,
    null,
    null,
    {
      "col": 28,
      "row": 23,
    },
    {
      "col": 28,
      "row": 24,
    },
    {
      "col": 29,
      "row": 24,
    },
  ],
  [
    null,
    null,
    null,
    null,
    null,
    null,
    null,
    null,
    null,
    null,
    null,
    null,
    null,
    null,
    null,
    null,
    null,
    null,
    null,
    null,
    null,
    null,
    null,
    null,
    null,
    null,
    null,
    null,
    {
      "col": 28,
      "row": 24,
    },
    null,
    null,
  ],
  [
    null,
    null,
    null,
    null,
    null,
    null,
    null,
    null,
    null,
    null,
    null,
    null,
    null,
    null,
    null,
    null,
    null,
    null,
    null,
    null,
    null,
    null,
    null,
    null,
    null,
    null,
    null,
    {
      "col": 28,
      "row": 26,
    },
    {
      "col": 28,
      "row": 25,
    },
    {
      "col": 28,
      "row": 26,
    },
    {
      "col": 29,
      "row": 26,
    },
  ],
]
`;
